[    0.000000] Linux version 4.15.0-202-generic (buildd@lcy02-amd64-115) (gcc version 7.5.0 (Ubuntu 7.5.0-3ubuntu1~18.04)) #213-Ubuntu SMP Thu Jan 5 19:19:12 UTC 2023 (Ubuntu 4.15.0-202.213-generic 4.15.18)
[    0.000000] Command line: BOOT_IMAGE=/boot/vmlinuz-4.15.0-202-generic root=LABEL=cloudimg-rootfs ro console=tty1 console=ttyS0
[    0.000000] KERNEL supported cpus:
[    0.000000]   Intel GenuineIntel
[    0.000000]   AMD AuthenticAMD
[    0.000000]   Centaur CentaurHauls
[    0.000000] x86/fpu: Supporting XSAVE feature 0x001: 'x87 floating point registers'
[    0.000000] x86/fpu: Supporting XSAVE feature 0x002: 'SSE registers'
[    0.000000] x86/fpu: Supporting XSAVE feature 0x004: 'AVX registers'
[    0.000000] x86/fpu: xstate_offset[2]:  576, xstate_sizes[2]:  256
[    0.000000] x86/fpu: Enabled xstate features 0x7, context size is 832 bytes, using 'standard' format.
[    0.000000] e820: BIOS-provided physical RAM map:
[    0.000000] BIOS-e820: [mem 0x0000000000000000-0x000000000009fbff] usable
[    0.000000] BIOS-e820: [mem 0x000000000009fc00-0x000000000009ffff] reserved
[    0.000000] BIOS-e820: [mem 0x00000000000f0000-0x00000000000fffff] reserved
[    0.000000] BIOS-e820: [mem 0x0000000000100000-0x000000003ffeffff] usable
[    0.000000] BIOS-e820: [mem 0x000000003fff0000-0x000000003fffffff] ACPI data
[    0.000000] BIOS-e820: [mem 0x00000000fec00000-0x00000000fec00fff] reserved
[    0.000000] BIOS-e820: [mem 0x00000000fee00000-0x00000000fee00fff] reserved
[    0.000000] BIOS-e820: [mem 0x00000000fffc0000-0x00000000ffffffff] reserved
[    0.000000] NX (Execute Disable) protection: active
[    0.000000] SMBIOS 2.5 present.
[    0.000000] DMI: innotek GmbH VirtualBox/VirtualBox, BIOS VirtualBox 12/01/2006
[    0.000000] Hypervisor detected: KVM
[    0.000000] e820: last_pfn = 0x3fff0 max_arch_pfn = 0x400000000
[    0.000000] MTRR: Disabled
[    0.000000] x86/PAT: MTRRs disabled, skipping PAT initialization too.
[    0.000000] CPU MTRRs all blank - virtualized system.
[    0.000000] x86/PAT: Configuration [0-7]: WB  WT  UC- UC  WB  WT  UC- UC  
[    0.000000] found SMP MP-table at [mem 0x0009fff0-0x0009ffff]
[    0.000000] Scanning 1 areas for low memory corruption
[    0.000000] RAMDISK: [mem 0x359cb000-0x36cdcfff]
[    0.000000] ACPI: Early table checksum verification disabled
[    0.000000] ACPI: RSDP 0x00000000000E0000 000024 (v02 VBOX  )
[    0.000000] ACPI: XSDT 0x000000003FFF0030 00003C (v01 VBOX   VBOXXSDT 00000001 ASL  00000061)
[    0.000000] ACPI: FACP 0x000000003FFF00F0 0000F4 (v04 VBOX   VBOXFACP 00000001 ASL  00000061)
[    0.000000] ACPI: DSDT 0x000000003FFF0470 002325 (v02 VBOX   VBOXBIOS 00000002 INTL 20200925)
[    0.000000] ACPI: FACS 0x000000003FFF0200 000040
[    0.000000] ACPI: FACS 0x000000003FFF0200 000040
[    0.000000] ACPI: APIC 0x000000003FFF0240 00005C (v02 VBOX   VBOXAPIC 00000001 ASL  00000061)
[    0.000000] ACPI: SSDT 0x000000003FFF02A0 0001CC (v01 VBOX   VBOXCPUT 00000002 INTL 20200925)
[    0.000000] ACPI: Reserving FACP table memory at [mem 0x3fff00f0-0x3fff01e3]
[    0.000000] ACPI: Reserving DSDT table memory at [mem 0x3fff0470-0x3fff2794]
[    0.000000] ACPI: Reserving FACS table memory at [mem 0x3fff0200-0x3fff023f]
[    0.000000] ACPI: Reserving FACS table memory at [mem 0x3fff0200-0x3fff023f]
[    0.000000] ACPI: Reserving APIC table memory at [mem 0x3fff0240-0x3fff029b]
[    0.000000] ACPI: Reserving SSDT table memory at [mem 0x3fff02a0-0x3fff046b]
[    0.000000] No NUMA configuration found
[    0.000000] Faking a node at [mem 0x0000000000000000-0x000000003ffeffff]
[    0.000000] NODE_DATA(0) allocated [mem 0x3ffc5000-0x3ffeffff]
[    0.000000] kvm-clock: cpu 0, msr 0:3ff44001, primary cpu clock
[    0.000000] kvm-clock: Using msrs 4b564d01 and 4b564d00
[    0.000000] kvm-clock: using sched offset of 3757470321 cycles
[    0.000000] clocksource: kvm-clock: mask: 0xffffffffffffffff max_cycles: 0x1cd42e4dffb, max_idle_ns: 881590591483 ns
[    0.000000] Zone ranges:
[    0.000000]   DMA      [mem 0x0000000000001000-0x0000000000ffffff]
[    0.000000]   DMA32    [mem 0x0000000001000000-0x000000003ffeffff]
[    0.000000]   Normal   empty
[    0.000000]   Device   empty
[    0.000000] Movable zone start for each node
[    0.000000] Early memory node ranges
[    0.000000]   node   0: [mem 0x0000000000001000-0x000000000009efff]
[    0.000000]   node   0: [mem 0x0000000000100000-0x000000003ffeffff]
[    0.000000] Reserved but unavailable: 104 pages
[    0.000000] Initmem setup node 0 [mem 0x0000000000001000-0x000000003ffeffff]
[    0.000000] ACPI: PM-Timer IO Port: 0x4008
[    0.000000] IOAPIC[0]: apic_id 2, version 32, address 0xfec00000, GSI 0-23
[    0.000000] ACPI: INT_SRC_OVR (bus 0 bus_irq 0 global_irq 2 dfl dfl)
[    0.000000] ACPI: INT_SRC_OVR (bus 0 bus_irq 9 global_irq 9 low level)
[    0.000000] Using ACPI (MADT) for SMP configuration information
[    0.000000] smpboot: Allowing 2 CPUs, 0 hotplug CPUs
[    0.000000] PM: Registered nosave memory: [mem 0x00000000-0x00000fff]
[    0.000000] PM: Registered nosave memory: [mem 0x0009f000-0x0009ffff]
[    0.000000] PM: Registered nosave memory: [mem 0x000a0000-0x000effff]
[    0.000000] PM: Registered nosave memory: [mem 0x000f0000-0x000fffff]
[    0.000000] e820: [mem 0x40000000-0xfebfffff] available for PCI devices
[    0.000000] Booting paravirtualized kernel on KVM
[    0.000000] clocksource: refined-jiffies: mask: 0xffffffff max_cycles: 0xffffffff, max_idle_ns: 7645519600211568 ns
[    0.000000] setup_percpu: NR_CPUS:8192 nr_cpumask_bits:2 nr_cpu_ids:2 nr_node_ids:1
[    0.000000] percpu: Embedded 50 pages/cpu s167936 r8192 d28672 u1048576
[    0.000000] PV qspinlock hash table entries: 256 (order: 0, 4096 bytes)
[    0.000000] Built 1 zonelists, mobility grouping on.  Total pages: 257913
[    0.000000] Policy zone: DMA32
[    0.000000] Kernel command line: BOOT_IMAGE=/boot/vmlinuz-4.15.0-202-generic root=LABEL=cloudimg-rootfs ro console=tty1 console=ttyS0
[    0.000000] Memory: 982652K/1048120K available (12300K kernel code, 2477K rwdata, 4320K rodata, 2472K init, 2720K bss, 65468K reserved, 0K cma-reserved)
[    0.000000] SLUB: HWalign=64, Order=0-3, MinObjects=0, CPUs=2, Nodes=1
[    0.000000] Kernel/User page tables isolation: enabled
[    0.000000] ftrace: allocating 39478 entries in 155 pages
[    0.004000] Hierarchical RCU implementation.
[    0.004000] 	RCU restricting CPUs from NR_CPUS=8192 to nr_cpu_ids=2.
[    0.004000] 	Tasks RCU enabled.
[    0.004000] RCU: Adjusting geometry for rcu_fanout_leaf=16, nr_cpu_ids=2
[    0.004000] NR_IRQS: 524544, nr_irqs: 440, preallocated irqs: 16
[    0.004000] random: crng init done
[    0.004000] Console: colour VGA+ 80x25
[    0.004000] console [tty1] enabled
[    0.004000] console [ttyS0] enabled
[    0.004000] ACPI: Core revision 20170831
[    0.004000] ACPI: 2 ACPI AML tables successfully acquired and loaded
[    0.004000] APIC: Switch to symmetric I/O mode setup
[    0.004000] x2apic enabled
[    0.004000] Switched APIC routing to physical x2apic.
[    0.006274] ..TIMER: vector=0x30 apic1=0 pin1=2 apic2=-1 pin2=-1
[    0.008007] tsc: Detected 2711.998 MHz processor
[    0.009451] Calibrating delay loop (skipped) preset value.. 5423.99 BogoMIPS (lpj=10847992)
[    0.012005] pid_max: default: 32768 minimum: 301
[    0.013330] Security Framework initialized
[    0.014508] Yama: becoming mindful.
[    0.016028] AppArmor: AppArmor initialized
[    0.018658] Dentry cache hash table entries: 131072 (order: 8, 1048576 bytes)
[    0.020086] Inode-cache hash table entries: 65536 (order: 7, 524288 bytes)
[    0.024019] Mount-cache hash table entries: 2048 (order: 2, 16384 bytes)
[    0.026697] Mountpoint-cache hash table entries: 2048 (order: 2, 16384 bytes)
[    0.028388] Last level iTLB entries: 4KB 64, 2MB 8, 4MB 8
[    0.032000] Last level dTLB entries: 4KB 64, 2MB 0, 4MB 0, 1GB 4
[    0.032012] Spectre V1 : Mitigation: usercopy/swapgs barriers and __user pointer sanitization
[    0.036005] Spectre V2 : Mitigation: Retpolines
[    0.037443] Spectre V2 : Spectre v2 / SpectreRSB mitigation: Filling RSB on context switch
[    0.040005] Speculative Store Bypass: Vulnerable
[    0.044119] MDS: Mitigation: Clear CPU buffers
[    0.045539] MMIO Stale Data: Mitigation: Clear CPU buffers
[    0.047252] SRBDS: Unknown: Dependent on hypervisor status
[    0.048282] Freeing SMP alternatives memory: 36K
[    0.161100] smpboot: CPU0: Intel(R) Core(TM) i5-7200U CPU @ 2.50GHz (family: 0x6, model: 0x8e, stepping: 0x9)
[    0.164000] Performance Events: unsupported p6 CPU model 142 no PMU driver, software events only.
[    0.164061] Hierarchical SRCU implementation.
[    0.168677] NMI watchdog: Perf event create on CPU 0 failed with -2
[    0.170595] NMI watchdog: Perf NMI watchdog permanently disabled
[    0.172063] smp: Bringing up secondary CPUs ...
[    0.173638] x86: Booting SMP configuration:
[    0.175031] .... node  #0, CPUs:      #1
[    0.004000] kvm-clock: cpu 1, msr 0:3ff44041, secondary cpu clock
[    0.188027] smp: Brought up 1 node, 2 CPUs
[    0.189360] smpboot: Max logical packages: 1
[    0.190723] smpboot: Total of 2 processors activated (10847.99 BogoMIPS)
[    0.192165] devtmpfs: initialized
[    0.193202] x86/mm: Memory block size: 128MB
[    0.196208] evm: security.selinux
[    0.197364] evm: security.SMACK64
[    0.198479] evm: security.SMACK64EXEC
[    0.199680] evm: security.SMACK64TRANSMUTE
[    0.200004] evm: security.SMACK64MMAP
[    0.201199] evm: security.apparmor
[    0.202356] evm: security.ima
[    0.204003] evm: security.capability
[    0.206795] clocksource: jiffies: mask: 0xffffffff max_cycles: 0xffffffff, max_idle_ns: 7645041785100000 ns
[    0.208015] futex hash table entries: 512 (order: 3, 32768 bytes)
[    0.212073] pinctrl core: initialized pinctrl subsystem
[    0.216155] RTC time:  2:40:00, date: 01/19/23
[    0.217859] NET: Registered protocol family 16
[    0.219483] audit: initializing netlink subsys (disabled)
[    0.220046] audit: type=2000 audit(1674096005.438:1): state=initialized audit_enabled=0 res=1
[    0.224021] cpuidle: using governor ladder
[    0.225427] cpuidle: using governor menu
[    0.226756] ACPI: bus type PCI registered
[    0.228032] acpiphp: ACPI Hot Plug PCI Controller Driver version: 0.5
[    0.229957] PCI: Using configuration type 1 for base access
[    0.233101] HugeTLB registered 2.00 MiB page size, pre-allocated 0 pages
[    0.233813] ACPI: Added _OSI(Module Device)
[    0.236006] ACPI: Added _OSI(Processor Device)
[    0.237457] ACPI: Added _OSI(3.0 _SCP Extensions)
[    0.238937] ACPI: Added _OSI(Processor Aggregator Device)
[    0.240004] ACPI: Added _OSI(Linux-Dell-Video)
[    0.241410] ACPI: Added _OSI(Linux-Lenovo-NV-HDMI-Audio)
[    0.244004] ACPI: Added _OSI(Linux-HPI-Hybrid-Graphics)
[    0.246107] ACPI: Executed 1 blocks of module-level executable AML code
[    0.254289] ACPI: Interpreter enabled
[    0.255421] ACPI: (supports S0 S5)
[    0.256008] ACPI: Using IOAPIC for interrupt routing
[    0.257733] PCI: Using host bridge windows from ACPI; if necessary, use "pci=nocrs" and report a bug
[    0.260252] ACPI: Enabled 2 GPEs in block 00 to 07
[    0.271390] ACPI: PCI Root Bridge [PCI0] (domain 0000 [bus 00-ff])
[    0.272010] acpi PNP0A03:00: _OSC: OS supports [ASPM ClockPM Segments MSI]
[    0.274617] acpi PNP0A03:00: _OSC: not requesting OS control; OS requires [ExtendedConfig ASPM ClockPM MSI]
[    0.276016] acpi PNP0A03:00: fail to add MMCONFIG information, can't access extended PCI configuration space under this bridge.
[    0.280525] PCI host bridge to bus 0000:00
[    0.281715] pci_bus 0000:00: root bus resource [io  0x0000-0x0cf7 window]
[    0.284004] pci_bus 0000:00: root bus resource [io  0x0d00-0xffff window]
[    0.285814] pci_bus 0000:00: root bus resource [mem 0x000a0000-0x000bffff window]
[    0.288004] pci_bus 0000:00: root bus resource [mem 0x40000000-0xfdffffff window]
[    0.292004] pci_bus 0000:00: root bus resource [bus 00-ff]
[    0.297144] pci 0000:00:01.1: legacy IDE quirk: reg 0x10: [io  0x01f0-0x01f7]
[    0.298977] pci 0000:00:01.1: legacy IDE quirk: reg 0x14: [io  0x03f6]
[    0.300004] pci 0000:00:01.1: legacy IDE quirk: reg 0x18: [io  0x0170-0x0177]
[    0.301875] pci 0000:00:01.1: legacy IDE quirk: reg 0x1c: [io  0x0376]
[    0.322706] pci 0000:00:07.0: quirk: [io  0x4000-0x403f] claimed by PIIX4 ACPI
[    0.324030] pci 0000:00:07.0: quirk: [io  0x4100-0x410f] claimed by PIIX4 SMB
[    0.338418] ACPI: PCI Interrupt Link [LNKA] (IRQs 5 9 10 *11)
[    0.340655] ACPI: PCI Interrupt Link [LNKB] (IRQs 5 9 *10 11)
[    0.342454] ACPI: PCI Interrupt Link [LNKC] (IRQs 5 *9 10 11)
[    0.344186] ACPI: PCI Interrupt Link [LNKD] (IRQs 5 9 10 *11)
[    0.346278] SCSI subsystem initialized
[    0.347457] pci 0000:00:02.0: vgaarb: setting as boot VGA device
[    0.347457] pci 0000:00:02.0: vgaarb: VGA device added: decodes=io+mem,owns=io+mem,locks=none
[    0.348011] pci 0000:00:02.0: vgaarb: bridge control possible
[    0.349581] vgaarb: loaded
[    0.352053] ACPI: bus type USB registered
[    0.353459] usbcore: registered new interface driver usbfs
[    0.356025] usbcore: registered new interface driver hub
[    0.357706] usbcore: registered new device driver usb
[    0.359359] EDAC MC: Ver: 3.0.0
[    0.360365] PCI: Using ACPI for IRQ routing
[    0.361965] NetLabel: Initializing
[    0.364011] NetLabel:  domain hash size = 128
[    0.365210] NetLabel:  protocols = UNLABELED CIPSOv4 CALIPSO
[    0.366823] NetLabel:  unlabeled traffic allowed by default
[    0.368149] clocksource: Switched to clocksource kvm-clock
[    0.384958] VFS: Disk quotas dquot_6.6.0
[    0.386263] VFS: Dquot-cache hash table entries: 512 (order 0, 4096 bytes)
[    0.388526] AppArmor: AppArmor Filesystem Enabled
[    0.389961] pnp: PnP ACPI init
[    0.392410] pnp: PnP ACPI: found 3 devices
[    0.404579] clocksource: acpi_pm: mask: 0xffffff max_cycles: 0xffffff, max_idle_ns: 2085701024 ns
[    0.407098] NET: Registered protocol family 2
[    0.408617] IP idents hash table entries: 16384 (order: 5, 131072 bytes)
[    0.411878] TCP established hash table entries: 8192 (order: 4, 65536 bytes)
[    0.415380] TCP bind hash table entries: 8192 (order: 5, 131072 bytes)
[    0.417788] TCP: Hash tables configured (established 8192 bind 8192)
[    0.419776] UDP hash table entries: 512 (order: 2, 16384 bytes)
[    0.421544] UDP-Lite hash table entries: 512 (order: 2, 16384 bytes)
[    0.423352] NET: Registered protocol family 1
[    0.424760] pci 0000:00:00.0: Limiting direct PCI/PCI transfers
[    0.428457] pci 0000:00:01.0: Activating ISA DMA hang workarounds
[    0.430696] pci 0000:00:02.0: Video device with shadowed ROM at [mem 0x000c0000-0x000dffff]
[    0.433306] Unpacking initramfs...
[    0.807119] Freeing initrd memory: 19528K
[    0.808946] clocksource: tsc: mask: 0xffffffffffffffff max_cycles: 0x27178451938, max_idle_ns: 440795251172 ns
[    0.812141] platform rtc_cmos: registered platform RTC device (no PNP device found)
[    0.814846] Scanning for low memory corruption every 60 seconds
[    0.818220] Initialise system trusted keyrings
[    0.819761] Key type blacklist registered
[    0.821287] workingset: timestamp_bits=36 max_order=18 bucket_order=0
[    0.825094] zbud: loaded
[    0.830500] squashfs: version 4.0 (2009/01/31) Phillip Lougher
[    0.832732] fuse init (API version 7.26)
[    0.836367] Key type asymmetric registered
[    0.837936] Asymmetric key parser 'x509' registered
[    0.839564] Block layer SCSI generic (bsg) driver version 0.4 loaded (major 246)
[    0.844190] io scheduler noop registered
[    0.848371] io scheduler deadline registered
[    0.849980] io scheduler cfq registered (default)
[    0.852189] ACPI: AC Adapter [AC] (on-line)
[    0.853941] input: Power Button as /devices/LNXSYSTM:00/LNXPWRBN:00/input/input0
[    0.858951] ACPI: Power Button [PWRF]
[    0.860429] input: Sleep Button as /devices/LNXSYSTM:00/LNXSLPBN:00/input/input1
[    0.866499] ACPI: Sleep Button [SLPF]
[    0.868940] Serial: 8250/16550 driver, 32 ports, IRQ sharing enabled
[    0.894009] 00:02: ttyS0 at I/O 0x3f8 (irq = 4, base_baud = 115200) is a 16550A
[    0.906318] Linux agpgart interface v0.103
[    0.916541] loop: module loaded
[    0.921937] scsi host0: ata_piix
[    0.923594] scsi host1: ata_piix
[    0.925109] ata1: PATA max UDMA/33 cmd 0x1f0 ctl 0x3f6 bmdma 0xd000 irq 14
[    0.930016] ata2: PATA max UDMA/33 cmd 0x170 ctl 0x376 bmdma 0xd008 irq 15
[    0.933469] tun: Universal TUN/TAP device driver, 1.6
[    0.936306] PPP generic driver version 2.4.2
[    0.941127] ehci_hcd: USB 2.0 'Enhanced' Host Controller (EHCI) Driver
[    0.946420] ehci-pci: EHCI PCI platform driver
[    0.950094] ehci-platform: EHCI generic platform driver
[    0.956112] ohci_hcd: USB 1.1 'Open' Host Controller (OHCI) Driver
[    0.961008] ohci-pci: OHCI PCI platform driver
[    0.963761] ohci-platform: OHCI generic platform driver
[    0.967409] uhci_hcd: USB Universal Host Controller Interface driver
[    0.972350] i8042: PNP: PS/2 Controller [PNP0303:PS2K,PNP0f03:PS2M] at 0x60,0x64 irq 1,12
[    0.978618] serio: i8042 KBD port at 0x60,0x64 irq 1
[    0.982081] serio: i8042 AUX port at 0x60,0x64 irq 12
[    0.991010] mousedev: PS/2 mouse device common for all mice
[    1.002316] input: AT Translated Set 2 keyboard as /devices/platform/i8042/serio0/input/input2
[    1.011684] rtc_cmos rtc_cmos: rtc core: registered rtc_cmos as rtc0
[    1.015695] rtc_cmos rtc_cmos: alarms up to one day, 114 bytes nvram
[    1.019381] i2c /dev entries driver
[    1.022420] device-mapper: uevent: version 1.0.3
[    1.024034] device-mapper: ioctl: 4.37.0-ioctl (2017-09-20) initialised: dm-devel@redhat.com
[    1.028979] ledtrig-cpu: registered to indicate activity on CPUs
[    1.032447] NET: Registered protocol family 10
[    1.046296] Segment Routing with IPv6
[    1.048099] NET: Registered protocol family 17
[    1.052817] Key type dns_resolver registered
[    1.054581] mce: Using 0 MCE banks
[    1.055783] RAS: Correctable Errors collector initialized.
[    1.058491] sched_clock: Marking stable (1058453298, 0)->(1383033295, -324579997)
[    1.062830] registered taskstats version 1
[    1.065034] Loading compiled-in X.509 certificates
[    1.075867] Loaded X.509 cert 'Build time autogenerated kernel key: f114f3958ed3c37ba1924ca66ae8368f3c35b0e4'
[    1.080907] Loaded X.509 cert 'Canonical Ltd. Live Patch Signing: 14df34d1a87cf37625abec039ef2bf521249b969'
[    1.086768] Loaded X.509 cert 'Canonical Ltd. Kernel Module Signing: 88f752e560a1e0737e31163a466ad7b70a850c19'
[    1.090406] blacklist: Loading compiled-in revocation X.509 certificates
[    1.096256] Loaded X.509 cert 'Canonical Ltd. Secure Boot Signing: 61482aa2830d0ab2ad5af10b7250da9033ddcef0'
[    1.106484] zswap: loaded using pool lzo/zbud
[    1.122044] Key type big_key registered
[    1.123438] Key type trusted registered
[    1.126962] Key type encrypted registered
[    1.128452] AppArmor: AppArmor sha1 policy hashing enabled
[    1.130206] ima: No TPM chip found, activating TPM-bypass! (rc=-19)
[    1.132139] ima: Allocated hash algorithm: sha1
[    1.133612] evm: HMAC attrs: 0x1
[    1.135007]   Magic number: 7:737:662
[    1.136513] rtc_cmos rtc_cmos: setting system clock to 2023-01-19 02:40:01 UTC (1674096001)
[    1.139378] BIOS EDD facility v0.16 2004-Jun-25, 0 devices found
[    1.141407] EDD information not available.
[    1.148459] Freeing unused kernel image memory: 2472K
[    1.164097] Write protecting the kernel read-only data: 20480k
[    1.166788] Freeing unused kernel image memory: 2008K
[    1.169345] Freeing unused kernel image memory: 1824K
[    1.184746] x86/mm: Checked W+X mappings: passed, no W+X pages found.
[    1.186884] x86/mm: Checking user space page tables
[    1.202531] x86/mm: Checked W+X mappings: passed, no W+X pages found.
Loading, please wait...
starting version 237
[    1.307856] e1000: Intel(R) PRO/1000 Network Driver - version 7.3.21-k8-NAPI
[    1.311509] e1000: Copyright (c) 1999-2006 Intel Corporation.
[    1.332525] Fusion MPT base driver 3.04.20
[    1.334626] Copyright (c) 1999-2008 LSI Corporation
[    1.362101] AVX2 version of gcm_enc/dec engaged.
[    1.365915] AES CTR mode by8 optimization enabled
[    1.408102] Fusion MPT SPI Host driver 3.04.20
[    1.533932] input: ImExPS/2 Generic Explorer Mouse as /devices/platform/i8042/serio1/input/input4
[    1.812309] e1000 0000:00:03.0 eth0: (PCI:33MHz:32-bit) 02:b0:55:75:d1:60
[    1.815292] e1000 0000:00:03.0 eth0: Intel(R) PRO/1000 Network Connection
[    2.243148] e1000 0000:00:08.0 eth1: (PCI:33MHz:32-bit) 08:00:27:ec:70:39
[    2.245450] e1000 0000:00:08.0 eth1: Intel(R) PRO/1000 Network Connection
[    2.250084] e1000 0000:00:03.0 enp0s3: renamed from eth0
[    2.253762] mptbase: ioc0: Initiating bringup
[    2.268395] e1000 0000:00:08.0 enp0s8: renamed from eth1
[    2.834034] ioc0: LSI53C1030 A0: Capabilities={Initiator}
[    4.853785] scsi host2: ioc0: LSI53C1030 A0, FwRev=00000000h, Ports=1, MaxQ=256, IRQ=20
[    5.927427] scsi 2:0:0:0: Direct-Access     VBOX     HARDDISK         1.0  PQ: 0 ANSI: 5
[    6.813668] scsi target2:0:0: Beginning Domain Validation
[    6.816807] scsi target2:0:0: Domain Validation skipping write tests
[    6.818515] scsi target2:0:0: Ending Domain Validation
[    6.820046] scsi target2:0:0: asynchronous
[    6.821722] scsi 2:0:1:0: Direct-Access     VBOX     HARDDISK         1.0  PQ: 0 ANSI: 5
[    7.837793] scsi target2:0:1: Beginning Domain Validation
[    7.841374] scsi target2:0:1: Domain Validation skipping write tests
[    7.843533] scsi target2:0:1: Ending Domain Validation
[    7.845490] scsi target2:0:1: asynchronous
[    7.851714] sd 2:0:0:0: [sda] 83886080 512-byte logical blocks: (42.9 GB/40.0 GiB)
[    7.856958] sd 2:0:0:0: [sda] Write Protect is off
[    7.858961] sd 2:0:0:0: Attached scsi generic sg0 type 0
[    7.861373] sd 2:0:0:0: [sda] Incomplete mode parameter data
[    7.863757] sd 2:0:0:0: [sda] Assuming drive cache: write through
[    7.866626] sd 2:0:1:0: Attached scsi generic sg1 type 0
[    7.868570] sd 2:0:1:0: [sdb] 20480 512-byte logical blocks: (10.5 MB/10.0 MiB)
[    7.872031] sd 2:0:1:0: [sdb] Write Protect is off
[    7.872719]  sda: sda1
[    7.875163] sd 2:0:1:0: [sdb] Incomplete mode parameter data
[    7.875553] sd 2:0:0:0: [sda] Attached SCSI disk
[    7.877229] sd 2:0:1:0: [sdb] Assuming drive cache: write through
[    7.890884] sd 2:0:1:0: [sdb] Attached SCSI disk
Begin: Loading essential drivers ... [    9.716055] raid6: sse2x1   gen()  8663 MB/s
[    9.764053] raid6: sse2x1   xor()  6216 MB/s
[    9.812053] raid6: sse2x2   gen() 10677 MB/s
[    9.860052] raid6: sse2x2   xor()  7227 MB/s
[    9.908163] raid6: sse2x4   gen() 12330 MB/s
[    9.956054] raid6: sse2x4   xor()  7719 MB/s
[   10.004054] raid6: avx2x1   gen() 17302 MB/s
[   10.052054] raid6: avx2x1   xor() 11958 MB/s
[   10.100049] raid6: avx2x2   gen() 19958 MB/s
[   10.148062] raid6: avx2x2   xor() 10288 MB/s
[   10.196128] raid6: avx2x4   gen() 18510 MB/s
[   10.244049] raid6: avx2x4   xor() 13946 MB/s
[   10.245493] raid6: using algorithm avx2x2 gen() 19958 MB/s
[   10.247185] raid6: .... xor() 10288 MB/s, rmw enabled
[   10.249113] raid6: using avx2x2 recovery algorithm
[   10.252804] xor: automatically using best checksumming function   avx       
[   10.256716] async_tx: api initialized (async)
done.
Begin: Running /scripts/init-premount ... done.
Begin: Mounting root file system ... Begin: Running /scripts/local-top ... done.
Begin: Running /scripts/local-premount ... [   10.324429] Btrfs loaded, crc32c=crc32c-intel
Scanning for Btrfs filesystems
done.
Warning: fsck not present, so skipping root file system
[   10.377588] EXT4-fs (sda1): mounted filesystem with ordered data mode. Opts: (null)
done.
Begin: Running /scripts/local-bottom ... done.
Begin: Running /scripts/init-bottom ... done.
[   10.628551] ip_tables: (C) 2000-2006 Netfilter Core Team
[   10.642341] systemd[1]: systemd 237 running in system mode. (+PAM +AUDIT +SELINUX +IMA +APPARMOR +SMACK +SYSVINIT +UTMP +LIBCRYPTSETUP +GCRYPT +GNUTLS +ACL +XZ +LZ4 +SECCOMP +BLKID +ELFUTILS +KMOD -IDN2 +IDN -PCRE2 default-hierarchy=hybrid)
[   10.648283] systemd[1]: Detected virtualization oracle.
[   10.650645] systemd[1]: Detected architecture x86-64.

Welcome to [1mUbuntu 18.04.6 LTS[0m!

[   10.658312] systemd[1]: Set hostname to <ubuntu>.
[   10.661987] systemd[1]: Initializing machine ID from random generator.
[   10.664065] systemd[1]: Installed transient /etc/machine-id file.
[   11.003390] systemd[1]: Reached target Swap.
[[0;32m  OK  [0m] Reached target Swap.
[   11.005897] systemd[1]: Reached target User and Group Name Lookups.
[[0;32m  OK  [0m] Reached target User and Group Name Lookups.
[   11.010497] systemd[1]: Created slice User and Session Slice.
[[0;32m  OK  [0m] Created slice User and Session Slice.
[   11.013364] systemd[1]: Set up automount Arbitrary Executable File Formats File System Automount Point.
[[0;32m  OK  [0m] Set up automount Arbitrary Executabâ€¦rmats File System Automount Point.
[[0;32m  OK  [0m] Reached target System Time Synchronized.
[[0;32m  OK  [0m] Started Forward Password Requests to Wall Directory Watch.
[[0;32m  OK  [0m] Created slice System Slice.
[[0;32m  OK  [0m] Listening on Journal Socket.
         Mounting POSIX Message Queue File System...
         Mounting Kernel Debug File System...
         Starting Load Kernel Modules...
         Mounting Huge Pages File System...
         Starting Uncomplicated firewall...
[[0;32m  OK  [0m] Listening on udev Control Socket.
[[0;32m  OK  [0m] Created slice system-serial\x2dgetty.slice.
[[0;32m  OK  [0m] Listening on udev Kernel Socket.
[[0;32m  OK  [0m] Listening on Network Service Netlink Socket.
         Starting Set the console keyboard layout...
[[0;32m  OK  [0m] Listening on /dev/initctl Compatibility Named Pipe.
[[0;32m  OK  [0m] Listening on Syslog Socket.
[   11.962593] Loading iSCSI transport class v2.0-870.
[[0;32m  OK  [0m] Listening on Journal Audit Socket.
         Starting udev Coldplug all Devices...
[[0;32m  OK  [0m] Listening on Journal Socket (/dev/log).
         Starting Journal Service...
[[0;32m  OK  [0m] Listening on LVM2 metadata daemon socket.
[   11.990644] iscsi: registered transport (tcp)
         Starting Create list of required stâ€¦ce nodes for the current kernel...
[[0;32m  OK  [0m] Listening on LVM2 poll daemon socket.
[[0;32m  OK  [0m] Reached target Slices.
[[0;32m  OK  [0m] Listening on Device-mapper event daemon FIFOs.
         Starting Monitoring of LVM2 mirrorsâ€¦ng dmeventd or progress polling...
[[0;32m  OK  [0m] Listening on fsck to fsckd communication Socket.
         Starting File System Check on Root Device...
[[0;32m  OK  [0m] Mounted POSIX Message Queue File System.
[[0;32m  OK  [0m] Mounted Kernel Debug File System.
[[0;32m  OK  [0m] Mounted Huge Pages File System.
[[0;32m  OK  [0m] Started Uncomplicated firewall.
[[0;32m  OK  [0m] Started Create list of required staâ€¦vice nodes for the current kernel.
[[0;32m  OK  [0m] Started Journal Service.
         Starting Create Static Device Nodes in /dev...
[[0;32m  OK  [0m] Started LVM2 metadata daemon.
[[0;32m  OK  [0m] Started File System Check Daemon to report status.
[   12.129575] iscsi: registered transport (iser)
[[0;32m  OK  [0m] Started Load Kernel Modules.
[[0;32m  OK  [0m] Started udev Coldplug all Devices.
         Mounting FUSE Control File System...
         Mounting Kernel Configuration File System...
         Starting Apply Kernel Variables...
[[0;32m  OK  [0m] Mounted FUSE Control File System.
[[0;32m  OK  [0m] Mounted Kernel Configuration File System.
[[0;32m  OK  [0m] Started Create Static Device Nodes in /dev.
[[0;32m  OK  [0m] Started Monitoring of LVM2 mirrors,â€¦sing dmeventd or progress polling.
[[0;32m  OK  [0m] Started File System Check on Root Device.
[[0;32m  OK  [0m] Started Apply Kernel Variables.
         Starting Remount Root and Kernel File Systems...
[[0;32m  OK  [0m] Started Remount Root and Kernel File Systems.
         Starting Load/Save Random Seed...
         Starting udev Kernel Device Manager...
         Starting Flush Journal to Persistent Storage...
[[0;32m  OK  [0m] Started Load/Save Random Seed.
[[0;32m  OK  [0m] Started udev Kernel Device Manager.
[[0;32m  OK  [0m] Started Flush Journal to Persistent Storage.
[[0;32m  OK  [0m] Found device /dev/ttyS0.
[[0;32m  OK  [0m] Listening on Load/Save RF Kill Switch Status /dev/rfkill Watch.
         Mounting Arbitrary Executable File Formats File System...
[[0;32m  OK  [0m] Mounted Arbitrary Executable File Formats File System.
[[0;32m  OK  [0m] Started Set the console keyboard layout.
[[0;32m  OK  [0m] Started Dispatch Password Requests to Console Directory Watch.
[[0;32m  OK  [0m] Reached target Local Encrypted Volumes.
[[0;32m  OK  [0m] Reached target Local File Systems (Pre).
[[0;32m  OK  [0m] Reached target Local File Systems.
         Starting Commit a transient machine-id on disk...
         Starting ebtables ruleset management...
         Starting Create Volatile Files and Directories...
         Starting Set console font and keymap...
         Starting AppArmor initialization...
         Starting Tell Plymouth To Write Out Runtime Data...
[[0;32m  OK  [0m] Started Tell Plymouth To Write Out Runtime Data.
[[0;32m  OK  [0m] Started Create Volatile Files and Directories.
         Starting Update UTMP about System Boot/Shutdown...
[[0;32m  OK  [0m] Started Update UTMP about System Boot/Shutdown.
[[0;32m  OK  [0m] Started Commit a transient machine-id on disk.
[[0;32m  OK  [0m] Started ebtables ruleset management.
[[0;32m  OK  [0m] Started Set console font and keymap.
[[0;32m  OK  [0m] Started AppArmor initialization.
         Starting Load AppArmor profiles managed internally by snapd...
         Starting Initial cloud-init job (pre-networking)...
[[0;32m  OK  [0m] Started Load AppArmor profiles managed internally by snapd.
[   18.457969] cloud-init[851]: Cloud-init v. 22.4.2-0ubuntu0~18.04.1 running 'init-local' at Thu, 19 Jan 2023 02:40:18 +0000. Up 17.82 seconds.
[[0;32m  OK  [0m] Started Initial cloud-init job (pre-networking).
[[0;32m  OK  [0m] Reached target Network (Pre).
         Starting Network Service...
[[0;32m  OK  [0m] Started Network Service.
         Starting Network Name Resolution...
         Starting Wait for Network to be Configured...
[[0;32m  OK  [0m] Started Network Name Resolution.
[[0;32m  OK  [0m] Reached target Host and Network Name Lookups.
[[0;32m  OK  [0m] Reached target Network.
[[0;32m  OK  [0m] Started Wait for Network to be Configured.
         Starting Initial cloud-init job (metadata service crawler)...
[   21.420589] cloud-init[963]: Cloud-init v. 22.4.2-0ubuntu0~18.04.1 running 'init' at Thu, 19 Jan 2023 02:40:21 +0000. Up 21.11 seconds.
[   21.424380] cloud-init[963]: ci-info: ++++++++++++++++++++++++++++++++++++++Net device info+++++++++++++++++++++++++++++++++++++++
[   21.426380] cloud-init[963]: ci-info: +--------+-------+----------------------------+---------------+--------+-------------------+
[   21.428637] cloud-init[963]: ci-info: | Device |   Up  |          Address           |      Mask     | Scope  |     Hw-Address    |
[   21.430512] cloud-init[963]: ci-info: +--------+-------+----------------------------+---------------+--------+-------------------+
[   21.432426] cloud-init[963]: ci-info: | enp0s3 |  True |         10.0.2.15          | 255.255.255.0 | global | 02:b0:55:75:d1:60 |
[   21.434404] cloud-init[963]: ci-info: | enp0s3 |  True | fe80::b0:55ff:fe75:d160/64 |       .       |  link  | 02:b0:55:75:d1:60 |
[   21.436290] cloud-init[963]: ci-info: | enp0s8 | False |             .              |       .       |   .    | 08:00:27:ec:70:39 |
[   21.438608] cloud-init[963]: ci-info: |   lo   |  True |         127.0.0.1          |   255.0.0.0   |  host  |         .         |
[   21.440709] cloud-init[963]: ci-info: |   lo   |  True |          ::1/128           |       .       |  host  |         .         |
[   21.442686] cloud-init[963]: ci-info: +--------+-------+----------------------------+---------------+--------+-------------------+
[   21.444949] cloud-init[963]: ci-info: ++++++++++++++++++++++++++++Route IPv4 info+++++++++++++++++++++++++++++
[   21.446858] cloud-init[963]: ci-info: +-------+-------------+----------+-----------------+-----------+-------+
[   21.448634] cloud-init[963]: ci-info: | Route | Destination | Gateway  |     Genmask     | Interface | Flags |
[   21.450516] cloud-init[963]: ci-info: +-------+-------------+----------+-----------------+-----------+-------+
[   21.452274] cloud-init[963]: ci-info: |   0   |   0.0.0.0   | 10.0.2.2 |     0.0.0.0     |   enp0s3  |   UG  |
[   21.454074] cloud-init[963]: ci-info: |   1   |   10.0.2.0  | 0.0.0.0  |  255.255.255.0  |   enp0s3  |   U   |
[   21.455773] cloud-init[963]: ci-info: |   2   |   10.0.2.2  | 0.0.0.0  | 255.255.255.255 |   enp0s3  |   UH  |
[   21.457421] cloud-init[963]: ci-info: +-------+-------------+----------+-----------------+-----------+-------+
[   21.459367] cloud-init[963]: ci-info: +++++++++++++++++++Route IPv6 info+++++++++++++++++++
[   21.460983] cloud-init[963]: ci-info: +-------+-------------+---------+-----------+-------+
[   21.462696] cloud-init[963]: ci-info: | Route | Destination | Gateway | Interface | Flags |
[   21.464671] cloud-init[963]: ci-info: +-------+-------------+---------+-----------+-------+
[   21.466724] cloud-init[963]: ci-info: |   1   |  fe80::/64  |    ::   |   enp0s3  |   U   |
[   21.468364] cloud-init[963]: ci-info: |   3   |    local    |    ::   |   enp0s3  |   U   |
[   21.480266] cloud-init[963]: ci-info: |   4   |   ff00::/8  |    ::   |   enp0s3  |   U   |
[   21.482666] cloud-init[963]: ci-info: +-------+-------------+---------+-----------+-------+
[   24.150230] cloud-init[963]: Generating public/private rsa key pair.
[   24.151340] cloud-init[963]: Your identification has been saved in /etc/ssh/ssh_host_rsa_key.
[   24.152674] cloud-init[963]: Your public key has been saved in /etc/ssh/ssh_host_rsa_key.pub.
[   24.154096] cloud-init[963]: The key fingerprint is:
[   24.154986] cloud-init[963]: SHA256:FQ5u5ivgMjG6MB7+CW13wcgAp0mk+vrqk68BhAQj/RI root@ubuntu-bionic
[   24.156443] cloud-init[963]: The key's randomart image is:
[   24.157392] cloud-init[963]: +---[RSA 2048]----+
[   24.158348] cloud-init[963]: |** .    . .      |
[   24.159309] cloud-init[963]: |*.E    . o .     |
[   24.160290] cloud-init[963]: |o+ +    + o      |
[   24.161097] cloud-init[963]: |o . + o+ .       |
[   24.162033] cloud-init[963]: |o o..o oS        |
[   24.162905] cloud-init[963]: |.o.+ .  ..       |
[   24.180238] cloud-init[963]: |++=o.....        |
[   24.180969] cloud-init[963]: |+*=oo ..         |
[   24.181774] cloud-init[963]: |=B*+             |
[   24.182675] cloud-init[963]: +----[SHA256]-----+
[   24.200192] cloud-init[963]: Generating public/private dsa key pair.
[   24.201206] cloud-init[963]: Your identification has been saved in /etc/ssh/ssh_host_dsa_key.
[   24.202694] cloud-init[963]: Your public key has been saved in /etc/ssh/ssh_host_dsa_key.pub.
[   24.224211] cloud-init[963]: The key fingerprint is:
[   24.240386] cloud-init[963]: SHA256:ksB2jb96NoYqzllfRLaEh7OsTcjE8RCGu5R9cVpJ37U root@ubuntu-bionic
[   24.241542] cloud-init[963]: The key's randomart image is:
[[0;32m  OK  [0m[   24.252227] ] cloud-initStarted Initial cloud-init job (metadata service crawler).[963]: 
+---[DSA 1024]----+
[   24.254078] cloud-init[963]: |   .=. ...    .  |
[   24.255016] cloud-init[963]: |  .+ +.=+. . . . |
[   24.255130] cloud-init[963]: |   +* B=* . . E  |
[   24.255857] cloud-init[963]: |  ++.=oX .       |
[[0;32m  OK  [0m] Reached target Cloud-config availability.
[   24.256441] cloud-init[963]: | . .o.* S        |
[[   24.268237] cloud-init[963]: |  .  + o .       |
[   24.268401] cloud-init[963]: |    o ..o        |
[   24.268589] cloud-init[963]: | ..o ..o=        |
[   24.269202] cloud-init[963]: | .+...o+ .       |
[   24.269902] cloud-init[963]: +----[SHA256]-----+
[   24.270399] cloud-init[963]: Generating public/private ecdsa key pair.
[   24.271116] cloud-init[963]: Your identification has been saved in /etc/ssh/ssh_host_ecdsa_key.
[   24.271775] cloud-init[963]: Your public key has been saved in /etc/ssh/ssh_host_ecdsa_key.pub.
[   24.272008] cloud-init[963]: The key fingerprint is:
[   24.272764] cloud-init[963]: SHA256:gMwoE+CgPC/7rpy43y1HnPBbTeSkxWp6VBEmYfn9Gzk root@ubuntu-bionic
[   24.273537] cloud-init[963]: The key's randomart image is:
[   24.274191] cloud-init[963]: +---[ECDSA 256]---+
[   24.274703] cloud-init[963]: |=       +++o     |
[   24.275387] cloud-init[963]: |=. + . ..o*      |
[   24.276465] cloud-init[963]: |++. + .  X .     |
[   24.277199] cloud-init[963]: | oo .  .= + .    |
[   24.277820] cloud-init[963]: | . . + =So   . . |
[   24.278071] cloud-init[963]: |  o   * o .   E  |
[   24.278356] cloud-init[963]: | .   . +       + |
[   24.279112] cloud-init[963]: |o o...o       .  |
[   24.279615] cloud-init[963]: |o*+o.o.          |
[   24.280340] cloud-init[963]: +----[SHA256]-----+
[   24.281100] cloud-init[963]: Generating public/private ed25519 key pair.
[   24.281327] cloud-init[963]: Your identification has been saved in /etc/ssh/ssh_host_ed25519_key.
[   24.281776] cloud-init[963]: Your public key has been saved in /etc/ssh/ssh_host_ed25519_key.pub.
[   24.282544] cloud-init[963]: The key fingerprint is:
[   24.282933] cloud-init[963]: SHA256:rfwWhm+S1fg4cJZOGnIbTYzNJbXCGwHgZ+9Npif+6CY root@ubuntu-bionic
[   24.283582] cloud-init[963]: The key's randomart image is:
[   24.283791] cloud-init[963]: +--[ED25519 256]--+
[   24.284544] cloud-init[963]: |      .......    |
[   24.285338] cloud-init[963]: |     .   .....   |
[   24.285976] cloud-init[963]: |      . o=+o.    |
[   24.286326] cloud-init[963]: |       o.o=+     |
[   24.287007] cloud-init[963]: |        S+++o    |
[   24.287665] cloud-init[963]: |      ..*o@=.    |
[   24.288471] cloud-init[963]: |       oo/++o    |
[   24.289269] cloud-init[963]: |        EoO+.    |
[   24.289955] cloud-init[963]: |         B=o.    |
[   24.290138] cloud-init[963]: +----[SHA256]-----+
[0;32m  OK  [0m] Reached target System Initialization.
[[0;32m  OK  [0m] Started Message of the Day.
[[0;32m  OK  [0m] Started Ubuntu Advantage Timer for running repeated jobs.
[[0;32m  OK  [0m] Started Discard unused blocks once a week.
[[0;32m  OK  [0m] Listening on ACPID Listen Socket.
[[0;32m  OK  [0m] Listening on cloud-init hotplug hook socket.
[[0;32m  OK  [0m] Listening on UUID daemon activation socket.
[[0;32m  OK  [0m] Started Daily Cleanup of Temporary Directories.
         Starting LXD - unix socket.
[[0;32m  OK  [0m] Started ACPI Events Check.
[[0;32m  OK  [0m] Reached target Paths.
         Starting Socket activation for snappy daemon.
[[0;32m  OK  [0m] Listening on Open-iSCSI iscsid Socket.
[[0;32m  OK  [0m] Started Daily apt download activities.
[[0;32m  OK  [0m] Started Daily apt upgrade and clean activities.
[[0;32m  OK  [0m] Reached target Timers.
[[0;32m  OK  [0m] Listening on D-Bus System Message Bus Socket.
[[0;32m  OK  [0m] Reached target Network is Online.
         Starting Availability of block devices...
[[0;32m  OK  [0m] Reached target Remote File Systems (Pre).
[[0;32m  OK  [0m] Reached target Remote File Systems.
[[0;32m  OK  [0m] Listening on LXD - unix socket.
[[0;32m  OK  [0m] Listening on Socket activation for snappy daemon.
[[0;32m  OK  [0m] Started Availability of block devices.
[[0;32m  OK  [0m] Reached target Sockets.
[[0;32m  OK  [0m] Reached target Basic System.
         Starting System Logging Service...
[[0;32m  OK  [0m] Started Deferred execution scheduler.
         Starting Pollinate to seed the pseudo random number generator...
[[0;32m  OK  [0m] Started D-Bus System Message Bus.
         Starting Permit User Sessions...
         Starting LSB: automatic crash report generation...
[[0;32m  OK  [0m] Reached target Login Prompts (Pre).
         Starting Dispatcher daemon for systemd-networkd...
         Starting Snap Daemon...
[[0;32m  OK  [0m] Started irqbalance daemon.
         Starting Virtualbox guest utils...
         Starting LSB: Record successful boot for GRUB...
         Starting Accounts Service...
         Starting Login Service...
[[0;32m  OK  [0m] Started Regular background program processing daemon.
[[0;32m  OK  [0m] Started FUSE filesystem for LXC.
         Starting LXD - container startup/shutdown...
[[0;32m  OK  [0m] Started System Logging Service.
[[0;32m  OK  [0m] Started Permit User Sessions.
         Starting Hold until boot process finishes up...
         Starting Terminate Plymouth Boot Screen...
[[0;32m  OK  [0m] Started Hold until boot process finishes up.
[[0;32m  OK  [0m] Started Login Service.
[[0;32m  OK  [0m] Started Unattended Upgrades Shutdown.
         Starting Set console scheme...
[[0;32m  OK  [0m] Started Serial Getty on ttyS0.
[[0;32m  OK  [0m] Started Terminate Plymouth Boot Screen.
[[0;32m  OK  [0m] Started LSB: automatic crash report generation.
[[0;32m  OK  [0m] Started Set console scheme.
[[0;32m  OK  [0m] Created slice system-getty.slice.
[[0;32m  OK  [0m] Started Getty on tty1.
[[0;32m  OK  [0m] Reached target Login Prompts.
         Starting Authorization Manager...
[[0;32m  OK  [0m] Started LSB: Record successful boot for GRUB.
[[0;32m  OK  [0m] Started Authorization Manager.
[[0;32m  OK  [0m] Started Accounts Service.
[[0;32m  OK  [0m] Started Virtualbox guest utils.
[[0;32m  OK  [0m] Started LXD - container startup/shutdown.
[[0;32m  OK  [0m] Started Dispatcher daemon for systemd-networkd.
[[0;32m  OK  [0m] Started Snap Daemon.
         Starting Wait until snapd is fully seeded...
         Starting Time & Date Service...
[[0;32m  OK  [0m] Started Time & Date Service.
[[0;32m  OK  [0m] Started Wait until snapd is fully seeded.
         Starting Apply the settings specified in cloud-config...
[[0;32m  OK  [0m] Started Pollinate to seed the pseudo random number generator.
         Starting OpenBSD Secure Shell server...
[[0;32m  OK  [0m] Started OpenBSD Secure Shell server.
[[0;32m  OK  [0m] Created slice User Slice of vagrant.
         Starting User Manager for UID 1000...
[[0;32m  OK  [0m] Started Session 1 of user vagrant.
[[0;32m  OK  [0m] Started User Manager for UID 1000.
[   28.605767] cloud-init[1439]: Cloud-init v. 22.4.2-0ubuntu0~18.04.1 running 'modules:config' at Thu, 19 Jan 2023 02:40:28 +0000. Up 27.73 seconds.
[[0;32m  OK  [0m] Started Apply the settings specified in cloud-config.
[[0;32m  OK  [0m] Reached target Multi-User System.
         Starting Execute cloud user/final scripts...
[[0;32m  OK  [0m] Reached target Graphical Interface.
         Starting Update UTMP about System Runlevel Changes...
[[0;32m  OK  [0m] Started Update UTMP about System Runlevel Changes.

Ubuntu 18.04.6 LTS ubuntu-bionic ttyS0

ubuntu-bionic login: ci-info: no authorized SSH keys fingerprints found for user ubuntu.
<14>Jan 19 02:40:31 cloud-init: #############################################################
<14>Jan 19 02:40:31 cloud-init: -----BEGIN SSH HOST KEY FINGERPRINTS-----
<14>Jan 19 02:40:31 cloud-init: 1024 SHA256:ksB2jb96NoYqzllfRLaEh7OsTcjE8RCGu5R9cVpJ37U root@ubuntu-bionic (DSA)
<14>Jan 19 02:40:31 cloud-init: 256 SHA256:gMwoE+CgPC/7rpy43y1HnPBbTeSkxWp6VBEmYfn9Gzk root@ubuntu-bionic (ECDSA)
<14>Jan 19 02:40:31 cloud-init: 256 SHA256:rfwWhm+S1fg4cJZOGnIbTYzNJbXCGwHgZ+9Npif+6CY root@ubuntu-bionic (ED25519)
<14>Jan 19 02:40:31 cloud-init: 2048 SHA256:FQ5u5ivgMjG6MB7+CW13wcgAp0mk+vrqk68BhAQj/RI root@ubuntu-bionic (RSA)
<14>Jan 19 02:40:31 cloud-init: -----END SSH HOST KEY FINGERPRINTS-----
<14>Jan 19 02:40:31 cloud-init: #############################################################
-----BEGIN SSH HOST KEY KEYS-----
ecdsa-sha2-nistp256 AAAAE2VjZHNhLXNoYTItbmlzdHAyNTYAAAAIbmlzdHAyNTYAAABBBKD96Q9tPZ7/pav+8a6/Lm0AgN0+zGDL81vlP39bpdGbV0wbbkFshkbp8i4qrSKOj8PxlvvyCxzy/hr22hnQiEw= root@ubuntu-bionic
ssh-ed25519 AAAAC3NzaC1lZDI1NTE5AAAAIAwygOaVE/okLVov3zMKrOHcC9omrWQHKSq40mucEnW5 root@ubuntu-bionic
ssh-rsa AAAAB3NzaC1yc2EAAAADAQABAAABAQCrOhmYQNVnNrMByBrTD1cs8Fnm9LTXwR1VKZQppGiRXMsxcn28Epvt6ypcvDEEHjHO/9vPUNQD+l/Bm00qxd3jxuHzfMWPNjXRAFCTPgMuhYmSbdvBy9IYu/F0DLmV2I0KjKMCiDRo6K0RDLWzmUslQvFCRpTjrIH52ztRXEpkb4U6JwFjwfbobJQyBKwp50HV7iFseKgOI4c84ib+wzsYu1uyat7u6+f5GIMZdUUSod0yR7AfU3CFutCUoKXZ6UTovZwsYggJcTpXb/L2WZyjs/7iG9SLwoTZA0Qi3BpQUEepyRHlyI9xySrw+d8G4JeNDBCGXCchXunIktvrGOl5 root@ubuntu-bionic
-----END SSH HOST KEY KEYS-----
[   31.221844] cloud-init[1598]: Cloud-init v. 22.4.2-0ubuntu0~18.04.1 running 'modules:final' at Thu, 19 Jan 2023 02:40:30 +0000. Up 29.72 seconds.
[   31.223426] cloud-init[1598]: Cloud-init v. 22.4.2-0ubuntu0~18.04.1 finished at Thu, 19 Jan 2023 02:40:31 +0000. Datasource DataSourceNoCloud [seed=/dev/sdb][dsmode=net].  Up 31.20 seconds
