[    0.000000] Linux version 4.15.0-202-generic (buildd@lcy02-amd64-115) (gcc version 7.5.0 (Ubuntu 7.5.0-3ubuntu1~18.04)) #213-Ubuntu SMP Thu Jan 5 19:19:12 UTC 2023 (Ubuntu 4.15.0-202.213-generic 4.15.18)
[    0.000000] Command line: BOOT_IMAGE=/boot/vmlinuz-4.15.0-202-generic root=LABEL=cloudimg-rootfs ro console=tty1 console=ttyS0
[    0.000000] KERNEL supported cpus:
[    0.000000]   Intel GenuineIntel
[    0.000000]   AMD AuthenticAMD
[    0.000000]   Centaur CentaurHauls
[    0.000000] x86/fpu: Supporting XSAVE feature 0x001: 'x87 floating point registers'
[    0.000000] x86/fpu: Supporting XSAVE feature 0x002: 'SSE registers'
[    0.000000] x86/fpu: Supporting XSAVE feature 0x004: 'AVX registers'
[    0.000000] x86/fpu: xstate_offset[2]:  576, xstate_sizes[2]:  256
[    0.000000] x86/fpu: Enabled xstate features 0x7, context size is 832 bytes, using 'standard' format.
[    0.000000] e820: BIOS-provided physical RAM map:
[    0.000000] BIOS-e820: [mem 0x0000000000000000-0x000000000009fbff] usable
[    0.000000] BIOS-e820: [mem 0x000000000009fc00-0x000000000009ffff] reserved
[    0.000000] BIOS-e820: [mem 0x00000000000f0000-0x00000000000fffff] reserved
[    0.000000] BIOS-e820: [mem 0x0000000000100000-0x000000003ffeffff] usable
[    0.000000] BIOS-e820: [mem 0x000000003fff0000-0x000000003fffffff] ACPI data
[    0.000000] BIOS-e820: [mem 0x00000000fec00000-0x00000000fec00fff] reserved
[    0.000000] BIOS-e820: [mem 0x00000000fee00000-0x00000000fee00fff] reserved
[    0.000000] BIOS-e820: [mem 0x00000000fffc0000-0x00000000ffffffff] reserved
[    0.000000] NX (Execute Disable) protection: active
[    0.000000] SMBIOS 2.5 present.
[    0.000000] DMI: innotek GmbH VirtualBox/VirtualBox, BIOS VirtualBox 12/01/2006
[    0.000000] Hypervisor detected: KVM
[    0.000000] e820: last_pfn = 0x3fff0 max_arch_pfn = 0x400000000
[    0.000000] MTRR: Disabled
[    0.000000] x86/PAT: MTRRs disabled, skipping PAT initialization too.
[    0.000000] CPU MTRRs all blank - virtualized system.
[    0.000000] x86/PAT: Configuration [0-7]: WB  WT  UC- UC  WB  WT  UC- UC  
[    0.000000] found SMP MP-table at [mem 0x0009fff0-0x0009ffff]
[    0.000000] Scanning 1 areas for low memory corruption
[    0.000000] RAMDISK: [mem 0x359cb000-0x36cdcfff]
[    0.000000] ACPI: Early table checksum verification disabled
[    0.000000] ACPI: RSDP 0x00000000000E0000 000024 (v02 VBOX  )
[    0.000000] ACPI: XSDT 0x000000003FFF0030 00003C (v01 VBOX   VBOXXSDT 00000001 ASL  00000061)
[    0.000000] ACPI: FACP 0x000000003FFF00F0 0000F4 (v04 VBOX   VBOXFACP 00000001 ASL  00000061)
[    0.000000] ACPI: DSDT 0x000000003FFF0470 002325 (v02 VBOX   VBOXBIOS 00000002 INTL 20200925)
[    0.000000] ACPI: FACS 0x000000003FFF0200 000040
[    0.000000] ACPI: FACS 0x000000003FFF0200 000040
[    0.000000] ACPI: APIC 0x000000003FFF0240 00005C (v02 VBOX   VBOXAPIC 00000001 ASL  00000061)
[    0.000000] ACPI: SSDT 0x000000003FFF02A0 0001CC (v01 VBOX   VBOXCPUT 00000002 INTL 20200925)
[    0.000000] ACPI: Reserving FACP table memory at [mem 0x3fff00f0-0x3fff01e3]
[    0.000000] ACPI: Reserving DSDT table memory at [mem 0x3fff0470-0x3fff2794]
[    0.000000] ACPI: Reserving FACS table memory at [mem 0x3fff0200-0x3fff023f]
[    0.000000] ACPI: Reserving FACS table memory at [mem 0x3fff0200-0x3fff023f]
[    0.000000] ACPI: Reserving APIC table memory at [mem 0x3fff0240-0x3fff029b]
[    0.000000] ACPI: Reserving SSDT table memory at [mem 0x3fff02a0-0x3fff046b]
[    0.000000] No NUMA configuration found
[    0.000000] Faking a node at [mem 0x0000000000000000-0x000000003ffeffff]
[    0.000000] NODE_DATA(0) allocated [mem 0x3ffc5000-0x3ffeffff]
[    0.000000] kvm-clock: cpu 0, msr 0:3ff44001, primary cpu clock
[    0.000000] kvm-clock: Using msrs 4b564d01 and 4b564d00
[    0.000000] kvm-clock: using sched offset of 3114444239 cycles
[    0.000000] clocksource: kvm-clock: mask: 0xffffffffffffffff max_cycles: 0x1cd42e4dffb, max_idle_ns: 881590591483 ns
[    0.000000] Zone ranges:
[    0.000000]   DMA      [mem 0x0000000000001000-0x0000000000ffffff]
[    0.000000]   DMA32    [mem 0x0000000001000000-0x000000003ffeffff]
[    0.000000]   Normal   empty
[    0.000000]   Device   empty
[    0.000000] Movable zone start for each node
[    0.000000] Early memory node ranges
[    0.000000]   node   0: [mem 0x0000000000001000-0x000000000009efff]
[    0.000000]   node   0: [mem 0x0000000000100000-0x000000003ffeffff]
[    0.000000] Reserved but unavailable: 104 pages
[    0.000000] Initmem setup node 0 [mem 0x0000000000001000-0x000000003ffeffff]
[    0.000000] ACPI: PM-Timer IO Port: 0x4008
[    0.000000] IOAPIC[0]: apic_id 2, version 32, address 0xfec00000, GSI 0-23
[    0.000000] ACPI: INT_SRC_OVR (bus 0 bus_irq 0 global_irq 2 dfl dfl)
[    0.000000] ACPI: INT_SRC_OVR (bus 0 bus_irq 9 global_irq 9 low level)
[    0.000000] Using ACPI (MADT) for SMP configuration information
[    0.000000] smpboot: Allowing 2 CPUs, 0 hotplug CPUs
[    0.000000] PM: Registered nosave memory: [mem 0x00000000-0x00000fff]
[    0.000000] PM: Registered nosave memory: [mem 0x0009f000-0x0009ffff]
[    0.000000] PM: Registered nosave memory: [mem 0x000a0000-0x000effff]
[    0.000000] PM: Registered nosave memory: [mem 0x000f0000-0x000fffff]
[    0.000000] e820: [mem 0x40000000-0xfebfffff] available for PCI devices
[    0.000000] Booting paravirtualized kernel on KVM
[    0.000000] clocksource: refined-jiffies: mask: 0xffffffff max_cycles: 0xffffffff, max_idle_ns: 7645519600211568 ns
[    0.000000] setup_percpu: NR_CPUS:8192 nr_cpumask_bits:2 nr_cpu_ids:2 nr_node_ids:1
[    0.000000] percpu: Embedded 50 pages/cpu s167936 r8192 d28672 u1048576
[    0.000000] PV qspinlock hash table entries: 256 (order: 0, 4096 bytes)
[    0.000000] Built 1 zonelists, mobility grouping on.  Total pages: 257913
[    0.000000] Policy zone: DMA32
[    0.000000] Kernel command line: BOOT_IMAGE=/boot/vmlinuz-4.15.0-202-generic root=LABEL=cloudimg-rootfs ro console=tty1 console=ttyS0
[    0.000000] Memory: 982652K/1048120K available (12300K kernel code, 2477K rwdata, 4320K rodata, 2472K init, 2720K bss, 65468K reserved, 0K cma-reserved)
[    0.000000] SLUB: HWalign=64, Order=0-3, MinObjects=0, CPUs=2, Nodes=1
[    0.000000] Kernel/User page tables isolation: enabled
[    0.000000] ftrace: allocating 39478 entries in 155 pages
[    0.004000] Hierarchical RCU implementation.
[    0.004000] 	RCU restricting CPUs from NR_CPUS=8192 to nr_cpu_ids=2.
[    0.004000] 	Tasks RCU enabled.
[    0.004000] RCU: Adjusting geometry for rcu_fanout_leaf=16, nr_cpu_ids=2
[    0.004000] NR_IRQS: 524544, nr_irqs: 440, preallocated irqs: 16
[    0.004000] random: crng init done
[    0.004000] Console: colour VGA+ 80x25
[    0.004000] console [tty1] enabled
[    0.004000] console [ttyS0] enabled
[    0.004000] ACPI: Core revision 20170831
[    0.004000] ACPI: 2 ACPI AML tables successfully acquired and loaded
[    0.004000] APIC: Switch to symmetric I/O mode setup
[    0.004000] x2apic enabled
[    0.004000] Switched APIC routing to physical x2apic.
[    0.004000] ..TIMER: vector=0x30 apic1=0 pin1=2 apic2=-1 pin2=-1
[    0.004000] tsc: Detected 2112.012 MHz processor
[    0.004010] Calibrating delay loop (skipped) preset value.. 4224.02 BogoMIPS (lpj=8448048)
[    0.005015] pid_max: default: 32768 minimum: 301
[    0.005653] Security Framework initialized
[    0.006172] Yama: becoming mindful.
[    0.006642] AppArmor: AppArmor initialized
[    0.008006] Dentry cache hash table entries: 131072 (order: 8, 1048576 bytes)
[    0.008979] Inode-cache hash table entries: 65536 (order: 7, 524288 bytes)
[    0.009977] Mount-cache hash table entries: 2048 (order: 2, 16384 bytes)
[    0.011016] Mountpoint-cache hash table entries: 2048 (order: 2, 16384 bytes)
[    0.012000] Last level iTLB entries: 4KB 64, 2MB 8, 4MB 8
[    0.012003] Last level dTLB entries: 4KB 64, 2MB 0, 4MB 0, 1GB 4
[    0.012811] Spectre V1 : Mitigation: usercopy/swapgs barriers and __user pointer sanitization
[    0.013845] Spectre V2 : Mitigation: Retpolines
[    0.016003] Spectre V2 : Spectre v2 / SpectreRSB mitigation: Filling RSB on context switch
[    0.017161] Speculative Store Bypass: Vulnerable
[    0.017831] MDS: Mitigation: Clear CPU buffers
[    0.018444] MMIO Stale Data: Mitigation: Clear CPU buffers
[    0.019110] SRBDS: Unknown: Dependent on hypervisor status
[    0.020061] Freeing SMP alternatives memory: 36K
[    0.130528] smpboot: CPU0: Intel(R) Core(TM) i5-10210U CPU @ 1.60GHz (family: 0x6, model: 0x8e, stepping: 0xc)
[    0.131840] Performance Events: unsupported p6 CPU model 142 no PMU driver, software events only.
[    0.132000] Hierarchical SRCU implementation.
[    0.132000] NMI watchdog: Perf event create on CPU 0 failed with -2
[    0.132001] NMI watchdog: Perf NMI watchdog permanently disabled
[    0.132745] smp: Bringing up secondary CPUs ...
[    0.133347] x86: Booting SMP configuration:
[    0.133875] .... node  #0, CPUs:      #1
[    0.004000] kvm-clock: cpu 1, msr 0:3ff44041, secondary cpu clock
[    0.136014] smp: Brought up 1 node, 2 CPUs
[    0.136509] smpboot: Max logical packages: 1
[    0.137034] smpboot: Total of 2 processors activated (8448.04 BogoMIPS)
[    0.137881] devtmpfs: initialized
[    0.137881] x86/mm: Memory block size: 128MB
[    0.140103] evm: security.selinux
[    0.140576] evm: security.SMACK64
[    0.141025] evm: security.SMACK64EXEC
[    0.141478] evm: security.SMACK64TRANSMUTE
[    0.141971] evm: security.SMACK64MMAP
[    0.142419] evm: security.apparmor
[    0.142843] evm: security.ima
[    0.143265] evm: security.capability
[    0.144050] clocksource: jiffies: mask: 0xffffffff max_cycles: 0xffffffff, max_idle_ns: 7645041785100000 ns
[    0.145123] futex hash table entries: 512 (order: 3, 32768 bytes)
[    0.145897] pinctrl core: initialized pinctrl subsystem
[    0.147011] RTC time: 17:50:15, date: 01/16/23
[    0.147703] NET: Registered protocol family 16
[    0.148054] audit: initializing netlink subsys (disabled)
[    0.148705] audit: type=2000 audit(1673891419.546:1): state=initialized audit_enabled=0 res=1
[    0.148705] cpuidle: using governor ladder
[    0.148705] cpuidle: using governor menu
[    0.149001] ACPI: bus type PCI registered
[    0.149533] acpiphp: ACPI Hot Plug PCI Controller Driver version: 0.5
[    0.152068] PCI: Using configuration type 1 for base access
[    0.152741] HugeTLB registered 2.00 MiB page size, pre-allocated 0 pages
[    0.152796] ACPI: Added _OSI(Module Device)
[    0.152796] ACPI: Added _OSI(Processor Device)
[    0.156005] ACPI: Added _OSI(3.0 _SCP Extensions)
[    0.156563] ACPI: Added _OSI(Processor Aggregator Device)
[    0.157192] ACPI: Added _OSI(Linux-Dell-Video)
[    0.157726] ACPI: Added _OSI(Linux-Lenovo-NV-HDMI-Audio)
[    0.158350] ACPI: Added _OSI(Linux-HPI-Hybrid-Graphics)
[    0.159156] ACPI: Executed 1 blocks of module-level executable AML code
[    0.162245] ACPI: Interpreter enabled
[    0.162713] ACPI: (supports S0 S5)
[    0.163138] ACPI: Using IOAPIC for interrupt routing
[    0.163934] PCI: Using host bridge windows from ACPI; if necessary, use "pci=nocrs" and report a bug
[    0.164111] ACPI: Enabled 2 GPEs in block 00 to 07
[    0.169680] ACPI: PCI Root Bridge [PCI0] (domain 0000 [bus 00-ff])
[    0.170452] acpi PNP0A03:00: _OSC: OS supports [ASPM ClockPM Segments MSI]
[    0.171617] acpi PNP0A03:00: _OSC: not requesting OS control; OS requires [ExtendedConfig ASPM ClockPM MSI]
[    0.172008] acpi PNP0A03:00: fail to add MMCONFIG information, can't access extended PCI configuration space under this bridge.
[    0.173558] PCI host bridge to bus 0000:00
[    0.174103] pci_bus 0000:00: root bus resource [io  0x0000-0x0cf7 window]
[    0.174938] pci_bus 0000:00: root bus resource [io  0x0d00-0xffff window]
[    0.176002] pci_bus 0000:00: root bus resource [mem 0x000a0000-0x000bffff window]
[    0.177341] pci_bus 0000:00: root bus resource [mem 0x40000000-0xfdffffff window]
[    0.178249] pci_bus 0000:00: root bus resource [bus 00-ff]
[    0.180781] pci 0000:00:01.1: legacy IDE quirk: reg 0x10: [io  0x01f0-0x01f7]
[    0.181630] pci 0000:00:01.1: legacy IDE quirk: reg 0x14: [io  0x03f6]
[    0.182402] pci 0000:00:01.1: legacy IDE quirk: reg 0x18: [io  0x0170-0x0177]
[    0.183324] pci 0000:00:01.1: legacy IDE quirk: reg 0x1c: [io  0x0376]
[    0.194587] pci 0000:00:07.0: quirk: [io  0x4000-0x403f] claimed by PIIX4 ACPI
[    0.195552] pci 0000:00:07.0: quirk: [io  0x4100-0x410f] claimed by PIIX4 SMB
[    0.202737] ACPI: PCI Interrupt Link [LNKA] (IRQs 5 9 10 *11)
[    0.203749] ACPI: PCI Interrupt Link [LNKB] (IRQs 5 9 *10 11)
[    0.204086] ACPI: PCI Interrupt Link [LNKC] (IRQs 5 *9 10 11)
[    0.204907] ACPI: PCI Interrupt Link [LNKD] (IRQs 5 9 10 *11)
[    0.205886] SCSI subsystem initialized
[    0.206387] pci 0000:00:02.0: vgaarb: setting as boot VGA device
[    0.206387] pci 0000:00:02.0: vgaarb: VGA device added: decodes=io+mem,owns=io+mem,locks=none
[    0.208007] pci 0000:00:02.0: vgaarb: bridge control possible
[    0.208702] vgaarb: loaded
[    0.209129] ACPI: bus type USB registered
[    0.209631] usbcore: registered new interface driver usbfs
[    0.210309] usbcore: registered new interface driver hub
[    0.211014] usbcore: registered new device driver usb
[    0.212040] EDAC MC: Ver: 3.0.0
[    0.212562] PCI: Using ACPI for IRQ routing
[    0.212712] NetLabel: Initializing
[    0.213142] NetLabel:  domain hash size = 128
[    0.213663] NetLabel:  protocols = UNLABELED CIPSOv4 CALIPSO
[    0.214365] NetLabel:  unlabeled traffic allowed by default
[    0.216046] clocksource: Switched to clocksource kvm-clock
[    0.224593] VFS: Disk quotas dquot_6.6.0
[    0.225167] VFS: Dquot-cache hash table entries: 512 (order 0, 4096 bytes)
[    0.226067] AppArmor: AppArmor Filesystem Enabled
[    0.226713] pnp: PnP ACPI init
[    0.227812] pnp: PnP ACPI: found 3 devices
[    0.235781] clocksource: acpi_pm: mask: 0xffffff max_cycles: 0xffffff, max_idle_ns: 2085701024 ns
[    0.236935] NET: Registered protocol family 2
[    0.237546] IP idents hash table entries: 16384 (order: 5, 131072 bytes)
[    0.238940] TCP established hash table entries: 8192 (order: 4, 65536 bytes)
[    0.239829] TCP bind hash table entries: 8192 (order: 5, 131072 bytes)
[    0.240612] TCP: Hash tables configured (established 8192 bind 8192)
[    0.241376] UDP hash table entries: 512 (order: 2, 16384 bytes)
[    0.242073] UDP-Lite hash table entries: 512 (order: 2, 16384 bytes)
[    0.242844] NET: Registered protocol family 1
[    0.243413] pci 0000:00:00.0: Limiting direct PCI/PCI transfers
[    0.244142] pci 0000:00:01.0: Activating ISA DMA hang workarounds
[    0.244966] pci 0000:00:02.0: Video device with shadowed ROM at [mem 0x000c0000-0x000dffff]
[    0.246109] Unpacking initramfs...
[    0.467606] Freeing initrd memory: 19528K
[    0.468322] clocksource: tsc: mask: 0xffffffffffffffff max_cycles: 0x1e7183e887b, max_idle_ns: 440795238074 ns
[    0.469489] platform rtc_cmos: registered platform RTC device (no PNP device found)
[    0.470442] Scanning for low memory corruption every 60 seconds
[    0.471628] Initialise system trusted keyrings
[    0.472202] Key type blacklist registered
[    0.472729] workingset: timestamp_bits=36 max_order=18 bucket_order=0
[    0.474098] zbud: loaded
[    0.474916] squashfs: version 4.0 (2009/01/31) Phillip Lougher
[    0.475799] fuse init (API version 7.26)
[    0.477398] Key type asymmetric registered
[    0.477902] Asymmetric key parser 'x509' registered
[    0.478488] Block layer SCSI generic (bsg) driver version 0.4 loaded (major 246)
[    0.479477] io scheduler noop registered
[    0.479977] io scheduler deadline registered
[    0.480527] io scheduler cfq registered (default)
[    0.481274] ACPI: AC Adapter [AC] (on-line)
[    0.481848] input: Power Button as /devices/LNXSYSTM:00/LNXPWRBN:00/input/input0
[    0.482752] ACPI: Power Button [PWRF]
[    0.483285] input: Sleep Button as /devices/LNXSYSTM:00/LNXSLPBN:00/input/input1
[    0.484164] ACPI: Sleep Button [SLPF]
[    0.485247] ACPI: Battery Slot [BAT0] (battery present)
[    0.485953] Serial: 8250/16550 driver, 32 ports, IRQ sharing enabled
[    0.507227] 00:02: ttyS0 at I/O 0x3f8 (irq = 4, base_baud = 115200) is a 16550A
[    0.509934] Linux agpgart interface v0.103
[    0.512049] loop: module loaded
[    0.512830] scsi host0: ata_piix
[    0.513311] scsi host1: ata_piix
[    0.513738] ata1: PATA max UDMA/33 cmd 0x1f0 ctl 0x3f6 bmdma 0xd000 irq 14
[    0.514524] ata2: PATA max UDMA/33 cmd 0x170 ctl 0x376 bmdma 0xd008 irq 15
[    0.515447] tun: Universal TUN/TAP device driver, 1.6
[    0.516252] PPP generic driver version 2.4.2
[    0.516812] ehci_hcd: USB 2.0 'Enhanced' Host Controller (EHCI) Driver
[    0.517563] ehci-pci: EHCI PCI platform driver
[    0.518132] ehci-platform: EHCI generic platform driver
[    0.518750] ohci_hcd: USB 1.1 'Open' Host Controller (OHCI) Driver
[    0.519496] ohci-pci: OHCI PCI platform driver
[    0.520045] ohci-platform: OHCI generic platform driver
[    0.520661] uhci_hcd: USB Universal Host Controller Interface driver
[    0.521423] i8042: PNP: PS/2 Controller [PNP0303:PS2K,PNP0f03:PS2M] at 0x60,0x64 irq 1,12
[    0.522743] serio: i8042 KBD port at 0x60,0x64 irq 1
[    0.523397] serio: i8042 AUX port at 0x60,0x64 irq 12
[    0.524097] mousedev: PS/2 mouse device common for all mice
[    0.525109] input: AT Translated Set 2 keyboard as /devices/platform/i8042/serio0/input/input2
[    0.526110] rtc_cmos rtc_cmos: rtc core: registered rtc_cmos as rtc0
[    0.527016] rtc_cmos rtc_cmos: alarms up to one day, 114 bytes nvram
[    0.527745] i2c /dev entries driver
[    0.528234] device-mapper: uevent: version 1.0.3
[    0.528836] device-mapper: ioctl: 4.37.0-ioctl (2017-09-20) initialised: dm-devel@redhat.com
[    0.529837] ledtrig-cpu: registered to indicate activity on CPUs
[    0.530778] NET: Registered protocol family 10
[    0.533729] Segment Routing with IPv6
[    0.534216] NET: Registered protocol family 17
[    0.534855] Key type dns_resolver registered
[    0.535484] mce: Using 0 MCE banks
[    0.535916] RAS: Correctable Errors collector initialized.
[    0.536584] sched_clock: Marking stable (536565811, 0)->(642824057, -106258246)
[    0.537690] registered taskstats version 1
[    0.538194] Loading compiled-in X.509 certificates
[    0.540387] Loaded X.509 cert 'Build time autogenerated kernel key: f114f3958ed3c37ba1924ca66ae8368f3c35b0e4'
[    0.541917] Loaded X.509 cert 'Canonical Ltd. Live Patch Signing: 14df34d1a87cf37625abec039ef2bf521249b969'
[    0.543459] Loaded X.509 cert 'Canonical Ltd. Kernel Module Signing: 88f752e560a1e0737e31163a466ad7b70a850c19'
[    0.544623] blacklist: Loading compiled-in revocation X.509 certificates
[    0.545401] Loaded X.509 cert 'Canonical Ltd. Secure Boot Signing: 61482aa2830d0ab2ad5af10b7250da9033ddcef0'
[    0.546543] zswap: loaded using pool lzo/zbud
[    0.549478] Key type big_key registered
[    0.550119] Key type trusted registered
[    0.551828] Key type encrypted registered
[    0.552355] AppArmor: AppArmor sha1 policy hashing enabled
[    0.553053] ima: No TPM chip found, activating TPM-bypass! (rc=-19)
[    0.553774] ima: Allocated hash algorithm: sha1
[    0.554324] evm: HMAC attrs: 0x1
[    0.554941]   Magic number: 7:761:845
[    0.555464] rtc_cmos rtc_cmos: setting system clock to 2023-01-16 17:50:15 UTC (1673891415)
[    0.556515] BIOS EDD facility v0.16 2004-Jun-25, 0 devices found
[    0.557210] EDD information not available.
[    0.705978] Freeing unused kernel image memory: 2472K
[    0.720371] Write protecting the kernel read-only data: 20480k
[    0.723439] Freeing unused kernel image memory: 2008K
[    0.725717] Freeing unused kernel image memory: 1824K
[    0.733904] x86/mm: Checked W+X mappings: passed, no W+X pages found.
[    0.734729] x86/mm: Checking user space page tables
[    0.741437] x86/mm: Checked W+X mappings: passed, no W+X pages found.
Loading, please wait...
starting version 237
[    0.803726] Fusion MPT base driver 3.04.20
[    0.804458] Copyright (c) 1999-2008 LSI Corporation
[    0.812602] e1000: Intel(R) PRO/1000 Network Driver - version 7.3.21-k8-NAPI
[    0.813494] e1000: Copyright (c) 1999-2006 Intel Corporation.
[    0.814434] AVX2 version of gcm_enc/dec engaged.
[    0.815182] AES CTR mode by8 optimization enabled
[    0.817518] Fusion MPT SPI Host driver 3.04.20
[    1.009953] input: ImExPS/2 Generic Explorer Mouse as /devices/platform/i8042/serio1/input/input4
[    1.537172] e1000 0000:00:03.0 eth0: (PCI:33MHz:32-bit) 02:b0:55:75:d1:60
[    1.540398] e1000 0000:00:03.0 eth0: Intel(R) PRO/1000 Network Connection
[    1.544097] mptbase: ioc0: Initiating bringup
[    2.781391] ioc0: LSI53C1030 A0: Capabilities={Initiator}
[    5.490526] scsi host2: ioc0: LSI53C1030 A0, FwRev=00000000h, Ports=1, MaxQ=256, IRQ=20
[    8.121197] scsi 2:0:0:0: Direct-Access     VBOX     HARDDISK         1.0  PQ: 0 ANSI: 5
[    8.163708] scsi target2:0:0: Beginning Domain Validation
[    8.170411] scsi target2:0:0: Domain Validation skipping write tests
[    8.171359] scsi target2:0:0: Ending Domain Validation
[    8.172189] scsi target2:0:0: asynchronous
[    8.173393] scsi 2:0:1:0: Direct-Access     VBOX     HARDDISK         1.0  PQ: 0 ANSI: 5
[    8.452594] scsi target2:0:1: Beginning Domain Validation
[    8.454625] scsi target2:0:1: Domain Validation skipping write tests
[    8.455514] scsi target2:0:1: Ending Domain Validation
[    8.456318] scsi target2:0:1: asynchronous
[    8.459333] sd 2:0:0:0: Attached scsi generic sg0 type 0
[    8.460296] sd 2:0:0:0: [sda] 83886080 512-byte logical blocks: (42.9 GB/40.0 GiB)
[    8.461462] sd 2:0:1:0: Attached scsi generic sg1 type 0
[    8.461494] sd 2:0:0:0: [sda] Write Protect is off
[    8.464573] sd 2:0:1:0: [sdb] 20480 512-byte logical blocks: (10.5 MB/10.0 MiB)
[    8.466514] sd 2:0:0:0: [sda] Incomplete mode parameter data
[    8.467228] sd 2:0:0:0: [sda] Assuming drive cache: write through
[    8.467984] sd 2:0:1:0: [sdb] Write Protect is off
[    8.468734] sd 2:0:1:0: [sdb] Incomplete mode parameter data
[    8.469450] sd 2:0:1:0: [sdb] Assuming drive cache: write through
[    8.471639]  sda: sda1
[    8.475137] sd 2:0:0:0: [sda] Attached SCSI disk
[    8.476934] sd 2:0:1:0: [sdb] Attached SCSI disk
[    8.483551] e1000 0000:00:08.0 eth1: (PCI:33MHz:32-bit) 08:00:27:bd:f4:cb
[    8.484532] e1000 0000:00:08.0 eth1: Intel(R) PRO/1000 Network Connection
[    8.487334] e1000 0000:00:08.0 enp0s8: renamed from eth1
[    8.514998] e1000 0000:00:03.0 enp0s3: renamed from eth0
Begin: Loading essential drivers ... [    9.888112] raid6: sse2x1   gen() 16476 MB/s
[    9.947700] raid6: sse2x1   xor() 10360 MB/s
[   10.002039] raid6: sse2x2   gen() 19338 MB/s
[   10.055670] raid6: sse2x2   xor() 13065 MB/s
[   10.114190] raid6: sse2x4   gen() 22436 MB/s
[   10.164178] raid6: sse2x4   xor() 12081 MB/s
[   10.218099] raid6: avx2x1   gen() 31963 MB/s
[   10.267832] raid6: avx2x1   xor() 17665 MB/s
[   10.319887] raid6: avx2x2   gen() 35502 MB/s
[   10.371863] raid6: avx2x2   xor() 23006 MB/s
[   10.426016] raid6: avx2x4   gen() 41484 MB/s
[   10.478118] raid6: avx2x4   xor() 25812 MB/s
[   10.479525] raid6: using algorithm avx2x4 gen() 41484 MB/s
[   10.481107] raid6: .... xor() 25812 MB/s, rmw enabled
[   10.482432] raid6: using avx2x2 recovery algorithm
[   10.483845] xor: automatically using best checksumming function   avx       
[   10.485440] async_tx: api initialized (async)
done.
Begin: Running /scripts/init-premount ... done.
Begin: Mounting root file system ... Begin: Running /scripts/local-top ... done.
Begin: Running /scripts/local-premount ... [   10.518898] Btrfs loaded, crc32c=crc32c-intel
Scanning for Btrfs filesystems
done.
Warning: fsck not present, so skipping root file system
[   10.540937] EXT4-fs (sda1): mounted filesystem with ordered data mode. Opts: (null)
done.
Begin: Running /scripts/local-bottom ... done.
Begin: Running /scripts/init-bottom ... done.
[   10.671083] ip_tables: (C) 2000-2006 Netfilter Core Team
[   10.676905] systemd[1]: systemd 237 running in system mode. (+PAM +AUDIT +SELINUX +IMA +APPARMOR +SMACK +SYSVINIT +UTMP +LIBCRYPTSETUP +GCRYPT +GNUTLS +ACL +XZ +LZ4 +SECCOMP +BLKID +ELFUTILS +KMOD -IDN2 +IDN -PCRE2 default-hierarchy=hybrid)
[   10.679472] systemd[1]: Detected virtualization oracle.
[   10.680125] systemd[1]: Detected architecture x86-64.

Welcome to [1mUbuntu 18.04.6 LTS[0m!

[   10.683965] systemd[1]: Set hostname to <ubuntu>.
[   10.685662] systemd[1]: Initializing machine ID from random generator.
[   10.686520] systemd[1]: Installed transient /etc/machine-id file.
[   10.963302] systemd[1]: Set up automount Arbitrary Executable File Formats File System Automount Point.
[[0;32m  OK  [0m] Set up automount Arbitrary Executabâ€¦rmats File System Automount Point.
[   10.965321] systemd[1]: Reached target System Time Synchronized.
[[0;32m  OK  [0m] Reached target System Time Synchronized.
[   10.966634] systemd[1]: Reached target User and Group Name Lookups.
[[0;32m  OK  [0m] Reached target User and Group Name Lookups.
[   10.969012] systemd[1]: Created slice System Slice.
[[0;32m  OK  [0m] Created slice System Slice.
[[0;32m  OK  [0m] Listening on /dev/initctl Compatibility Named Pipe.
[[0;32m  OK  [0m] Listening on fsck to fsckd communication Socket.
[[0;32m  OK  [0m] Listening on Network Service Netlink Socket.
[[0;32m  OK  [0m] Listening on Device-mapper event daemon FIFOs.
[[0;32m  OK  [0m] Listening on udev Kernel Socket.
[[0;32m  OK  [0m] Listening on LVM2 poll daemon socket.
[[0;32m  OK  [0m] Listening on LVM2 metadata daemon socket.
[[0;32m  OK  [0m] Listening on Journal Socket.
         Starting Load Kernel Modules...
         Starting Monitoring of LVM2 mirrorsâ€¦ng dmeventd or progress polling...
         Starting Create list of required stâ€¦ce nodes for the current kernel...
         Mounting Kernel Debug File System...
         Starting File System Check on Root Device...
         Starting Uncomplicated firewall...
[[0;32m  OK  [0m] Listening on Syslog Socket.
         Mounting Huge Pages File System...
[[0;32m  OK  [0m] Listening on udev Control Socket.
         Starting udev Coldplug all Devices...
         Starting Set the console keyboard layout...
[[0;32m  OK  [0m] Created slice User and Session Slice.
[[0;32m  OK  [0m] Reached target Slices.
[   10.989218] Loading iSCSI transport class v2.0-870.
         Mounting POSIX Message Queue File System...
[[0;32m  OK  [0m] Listening on Journal Socket (/dev/log).
[[0;32m  OK  [0m] Listening on Journal Audit Socket.
[[0;32m  OK  [0m] Reached target Swap.
[[0;32m  OK  [0m] Created slice system-serial\x2dgetty.slice.
[[0;32m  OK  [0m] Started Forward Password Requests to Wall Directory Watch.
[   10.994391] iscsi: registered transport (tcp)
         Starting Journal Service...
[[0;32m  OK  [0m] Started Create list of required staâ€¦vice nodes for the current kernel.
[[0;32m  OK  [0m] Started Uncomplicated firewall.
[[0;32m  OK  [0m] Started File System Check Daemon to report status.
[[0;32m  OK  [0m] Started LVM2 metadata daemon.
         Starting Create Static Device Nodes in /dev...
[[0;32m  OK  [0m] Mounted Kernel Debug File System.
[[0;32m  OK  [0m] Mounted Huge Pages File System.
[[0;32m  OK  [0m] Mounted POSIX Message Queue File System.
[[0;32m  OK  [0m] Started udev Coldplug all Devices.
[[0;32m  OK  [0m] Started Journal Service.
[[0;32m  OK  [0m] Started Create Static Device Nodes in /dev.
[[0;32m  OK  [0m] Started File System Check on Root Device.
         Starting Remount Root and Kernel File Systems...
[[0;32m  OK  [0m] Started Monitoring of LVM2 mirrors,â€¦sing dmeventd or progress polling.
[   11.601180] iscsi: registered transport (iser)
[[0;32m  OK  [0m] Started Load Kernel Modules.
         Mounting FUSE Control File System...
         Mounting Kernel Configuration File System...
         Starting Apply Kernel Variables...
[[0;32m  OK  [0m] Mounted FUSE Control File System.
[[0;32m  OK  [0m] Mounted Kernel Configuration File System.
[[0;32m  OK  [0m] Started Remount Root and Kernel File Systems.
         Starting udev Kernel Device Manager...
         Starting Load/Save Random Seed...
         Starting Flush Journal to Persistent Storage...
[[0;32m  OK  [0m] Started Apply Kernel Variables.
[[0;32m  OK  [0m] Started udev Kernel Device Manager.
[[0;32m  OK  [0m] Started Load/Save Random Seed.
[[0;32m  OK  [0m] Started Flush Journal to Persistent Storage.
[[0;32m  OK  [0m] Found device /dev/ttyS0.
[[0;32m  OK  [0m] Listening on Load/Save RF Kill Switch Status /dev/rfkill Watch.
         Mounting Arbitrary Executable File Formats File System...
[[0;32m  OK  [0m] Mounted Arbitrary Executable File Formats File System.
[[0;32m  OK  [0m] Started Set the console keyboard layout.
[[0;32m  OK  [0m] Reached target Local File Systems (Pre).
[[0;32m  OK  [0m] Reached target Local File Systems.
         Starting ebtables ruleset management...
         Starting Tell Plymouth To Write Out Runtime Data...
         Starting Commit a transient machine-id on disk...
         Starting Set console font and keymap...
         Starting AppArmor initialization...
         Starting Create Volatile Files and Directories...
[[0;32m  OK  [0m] Started Dispatch Password Requests to Console Directory Watch.
[[0;32m  OK  [0m] Reached target Local Encrypted Volumes.
[[0;32m  OK  [0m] Started Tell Plymouth To Write Out Runtime Data.
[[0;32m  OK  [0m] Started Create Volatile Files and Directories.
         Starting Update UTMP about System Boot/Shutdown...
[[0;32m  OK  [0m] Started Update UTMP about System Boot/Shutdown.
[[0;32m  OK  [0m] Started Commit a transient machine-id on disk.
[[0;32m  OK  [0m] Started ebtables ruleset management.
[[0;32m  OK  [0m] Started AppArmor initialization.
         Starting Load AppArmor profiles managed internally by snapd...
         Starting Initial cloud-init job (pre-networking)...
[[0;32m  OK  [0m] Started Load AppArmor profiles managed internally by snapd.
[[0;32m  OK  [0m] Started Set console font and keymap.
[   14.021833] cloud-init[887]: Cloud-init v. 22.4.2-0ubuntu0~18.04.1 running 'init-local' at Mon, 16 Jan 2023 17:50:28 +0000. Up 13.78 seconds.
[[0;32m  OK  [0m] Started Initial cloud-init job (pre-networking).
[[0;32m  OK  [0m] Reached target Network (Pre).
         Starting Network Service...
[[0;32m  OK  [0m] Started Network Service.
         Starting Wait for Network to be Configured...
         Starting Network Name Resolution...
[[0;32m  OK  [0m] Started Network Name Resolution.
[[0;32m  OK  [0m] Reached target Network.
[[0;32m  OK  [0m] Reached target Host and Network Name Lookups.
[[0;32m  OK  [0m] Started Wait for Network to be Configured.
         Starting Initial cloud-init job (metadata service crawler)...
[   15.771444] cloud-init[1024]: Cloud-init v. 22.4.2-0ubuntu0~18.04.1 running 'init' at Mon, 16 Jan 2023 17:50:30 +0000. Up 15.67 seconds.
[   15.773349] cloud-init[1024]: ci-info: ++++++++++++++++++++++++++++++++++++++Net device info+++++++++++++++++++++++++++++++++++++++
[   15.774481] cloud-init[1024]: ci-info: +--------+-------+----------------------------+---------------+--------+-------------------+
[   15.775549] cloud-init[1024]: ci-info: | Device |   Up  |          Address           |      Mask     | Scope  |     Hw-Address    |
[   15.776831] cloud-init[1024]: ci-info: +--------+-------+----------------------------+---------------+--------+-------------------+
[   15.777773] cloud-init[1024]: ci-info: | enp0s3 |  True |         10.0.2.15          | 255.255.255.0 | global | 02:b0:55:75:d1:60 |
[   15.778948] cloud-init[1024]: ci-info: | enp0s3 |  True | fe80::b0:55ff:fe75:d160/64 |       .       |  link  | 02:b0:55:75:d1:60 |
[   15.780001] cloud-init[1024]: ci-info: | enp0s8 | False |             .              |       .       |   .    | 08:00:27:bd:f4:cb |
[   15.781288] cloud-init[1024]: ci-info: |   lo   |  True |         127.0.0.1          |   255.0.0.0   |  host  |         .         |
[   15.782481] cloud-init[1024]: ci-info: |   lo   |  True |          ::1/128           |       .       |  host  |         .         |
[   15.783519] cloud-init[1024]: ci-info: +--------+-------+----------------------------+---------------+--------+-------------------+
[   15.784667] cloud-init[1024]: ci-info: ++++++++++++++++++++++++++++Route IPv4 info+++++++++++++++++++++++++++++
[   15.785597] cloud-init[1024]: ci-info: +-------+-------------+----------+-----------------+-----------+-------+
[   15.786627] cloud-init[1024]: ci-info: | Route | Destination | Gateway  |     Genmask     | Interface | Flags |
[   15.787564] cloud-init[1024]: ci-info: +-------+-------------+----------+-----------------+-----------+-------+
[   15.788541] cloud-init[1024]: ci-info: |   0   |   0.0.0.0   | 10.0.2.2 |     0.0.0.0     |   enp0s3  |   UG  |
[   15.789575] cloud-init[1024]: ci-info: |   1   |   10.0.2.0  | 0.0.0.0  |  255.255.255.0  |   enp0s3  |   U   |
[   15.790547] cloud-init[1024]: ci-info: |   2   |   10.0.2.2  | 0.0.0.0  | 255.255.255.255 |   enp0s3  |   UH  |
[   15.792753] cloud-init[1024]: ci-info: +-------+-------------+----------+-----------------+-----------+-------+
[   15.793766] cloud-init[1024]: ci-info: +++++++++++++++++++Route IPv6 info+++++++++++++++++++
[   15.794604] cloud-init[1024]: ci-info: +-------+-------------+---------+-----------+-------+
[   15.795502] cloud-init[1024]: ci-info: | Route | Destination | Gateway | Interface | Flags |
[   15.796320] cloud-init[1024]: ci-info: +-------+-------------+---------+-----------+-------+
[   15.797238] cloud-init[1024]: ci-info: |   1   |  fe80::/64  |    ::   |   enp0s3  |   U   |
[   15.798062] cloud-init[1024]: ci-info: |   3   |    local    |    ::   |   enp0s3  |   U   |
[   15.798977] cloud-init[1024]: ci-info: |   4   |   ff00::/8  |    ::   |   enp0s3  |   U   |
[   15.799861] cloud-init[1024]: ci-info: +-------+-------------+---------+-----------+-------+
[   16.417407] cloud-init[1024]: Generating public/private rsa key pair.
[   16.418044] cloud-init[1024]: Your identification has been saved in /etc/ssh/ssh_host_rsa_key.
[   16.418876] cloud-init[1024]: Your public key has been saved in /etc/ssh/ssh_host_rsa_key.pub.
[   16.419639] cloud-init[1024]: The key fingerprint is:
[   16.420217] cloud-init[1024]: SHA256:zW29foQz17xoB39++L24LubCitwcaPI9tLacjfqDPfA root@ubuntu-bionic
[   16.421015] cloud-init[1024]: The key's randomart image is:
[   16.421578] cloud-init[1024]: +---[RSA 2048]----+
[   16.422116] cloud-init[1024]: |                 |
[   16.422612] cloud-init[1024]: |                 |
[   16.423115] cloud-init[1024]: |                 |
[   16.424162] cloud-init[1024]: |         o . .   |
[   16.428160] cloud-init[1024]: |        S o o .o.|
[   16.428577] cloud-init[1024]: |     ...   . .+.=|
[   16.429092] cloud-init[1024]: |   . o*.o     =*.|
[   16.429596] cloud-init[1024]: |    =.*E=o o +o+=|
[   16.430189] cloud-init[1024]: |     =+@*.+.+++=B|
[   16.430698] cloud-init[1024]: +----[SHA256]-----+
[   16.431202] cloud-init[1024]: Generating public/private dsa key pair.
[   16.447968] cloud-init[1024]: Your identification has been saved in /etc/ssh/ssh_host_dsa_key.
[   16.448862] cloud-init[1024]: Your public key has been saved in /etc/ssh/ssh_host_dsa_key.pub.
[   16.449819] cloud-init[1024]: The key fingerprint is:
[   16.450471] cloud-init[1024]: SHA256:SctIkR09mvG0V0dRkh7+126iQnj9CZ3W8JrA4t0h1qs root@ubuntu-bionic
[   16.451427] cloud-init[1024]: The key's randomart image is:
[   16.452141] cloud-init[1024]: +---[DSA 1024]----+
[   16.452769] cloud-init[1024]: |      .o.o    .+=|
[   16.453379] cloud-init[1024]: |      ..o +   +..|
[   16.453992] cloud-init[1024]: |      . .* o + o |
[   16.472002] cloud-init[1024]: |     . +ooo . +  |
[   16.472515] cloud-init[1024]: |      . S. + o *.|
[   16.473183] cloud-init[1024]: |        . + B * *|
[   16.473585] cloud-init[1024]: |         + + B B.|
[   16.474200] cloud-init[1024]: |          o . O o|
[   16.474820] cloud-init[1024]: |           .Eo o |
[   16.475436] cloud-init[1024]: +----[SHA256]-----+
[   16.476086] cloud-init[1024]: Generating public/private ecdsa key pair.
[   16.477075] cloud-init[1024]: Your identification has been saved in /etc/ssh/ssh_host_ecdsa_key.
[   16.477952] cloud-init[1024]: Your public key has been saved in /etc/ssh/ssh_host_ecdsa_key.pub.[[0;32m  OK  [0m] Started Initial cloud-init job (metadata service crawler).
[[0;32m  OK  [0m] Reached target Network is Online.

[   16.480381] cloud-init[1024]: The key fingerprint is:         Starting Availability of block devices...
[[0;32m  OK  [0m] Reached target Remote File Systems (Pre).
[[0;32m  OK  [0m] Reached target Remote File Systems.
[[0;32m  OK  [0m] Reached target Cloud-config availability.
[[0;32m  OK  [0m] Reached target System Initialization.
[[0;32m  OK  [0m] Listening on Open-iSCSI iscsid Socket.
[[0;32m  OK  [0m] Started Discard unused blocks once a week.
[[0;32m  OK  [0m] Listening on D-Bus System Message Bus Socket.
[[0;32m  OK  [0m] Started Daily Cleanup of Temporary Directories.
[[0;32m  OK  [0m] Started Daily apt download activities.
         Starting Socket activation for snappy daemon.
[[0;32m  OK  [0m] Listening on cloud-init hotplug hook socket.

[   16.488287] [[0;32m  OK  [0m] Started ACPI Events Check.
[[0;32m  OK  [0m] Reached target Paths.
[[0;32m  OK  [0m] Listening on ACPID Listen Socket.
cloud-init[1024]: SHA256:QfU8L9lUknRyLgcqqK4iYoK0sXuU6Y/3oQV7JpnrEoo root@ubuntu-bionic         Starting LXD - unix socket.
[[0;32m  OK  [0m] Listening on UUID daemon activation socket.
[[0;32m  OK  [0m] Started Ubuntu Advantage Timer for running repeated jobs.
[[0;32m  OK  [0m] Started Message of the Day.
[[0;32m  OK  [0m] Started Daily apt upgrade and clean activities.
[[0;32m  OK  [0m] Reached target Timers.
[[0;32m  OK  [0m] Listening on Socket activation for snappy daemon.
[[0;32m  OK  [0m] Listening on LXD - unix socket.
[[0;32m  OK  [0m] Reached target Sockets.
[[0;32m  OK  [0m] Reached target Basic System.
         Starting System Logging Service...
[[0;32m  OK  [0m] Started Deferred execution scheduler.

[   16.502046] cloud-init[1024]: The key's randomart image is:
[   16.503441] cloud-init         Starting Virtualbox guest utils...
[[0;32m  OK  [0m] Reached target Login Prompts (Pre).
[1024]: +---[ECDSA 256]---+
[   16.506517] cloud-init[1024]: |        ...  .=.+|
[   16.507148] cloud-init[1024]: |       . . o ..O |
[   16.507767] cloud-init[1024]: |        o . = o o|
[   16.508445] cloud-init[1024]: |       . . . * o |
[   16.509020] cloud-init[1024]: |    o.. S   o o  |
[   16.509590] cloud-init[1024]: | o = .=      .   |
[   16.510181] cloud-init[1024]: |+ B .=.=         |
[   16.510763] cloud-init[1024]: |E=.+.oB .        |
[   16.511337] cloud-init[1024]: |+ooo*=..         |
[   16.511921] cloud-init[1024]: +----[SHA256]-----+
[   16.512857] cloud-init[1024]: Generating public/private ed25519 key pair.
[   16.513583] cloud-init[1024]: Your identification has been saved in /etc/ssh/ssh_host_ed25519_key.
         Starting Pollinate to seed the pseudo random number generator...
[   16.515286] cloud-init[1024]: Your public key has been saved in /etc/ssh/ssh_host_ed25519_key.pub.         Starting Accounts Service...

[   16.517078]          Starting LXD - container startup/shutdown...
cloud-init[[0;32m  OK  [0m] Started Regular background program processing daemon.
[1024]: The key fingerprint is:         Starting LSB: Record successful boot for GRUB...
         Starting Dispatcher daemon for systemd-networkd...

[   16.521241] cloud-init[1024]: SHA256:l9bgXY7t2gcqHBmpFhpOXr2FjiCVA92X/0DmyyPAVlw root@ubuntu-bionic
[   16.522193] cloud-init         Starting LSB: automatic crash report generation...
         Starting Login Service...
[[0;32m  OK  [0m] Started FUSE filesystem for LXC.
[1024]: [[0;32m  OK  [0m] Started irqbalance daemon.
The key's randomart image is:
[   16.526883] cloud-init[1024]: +--[ED25519 256]--+
[   16.527481] cloud-init[1024]: |    .o o . oE    |
[   16.528089] cloud-init[1024]: |      = . = o    |
         Starting Snap Daemon...
[   16.529440] [[0;32m  OK  [0m] Started D-Bus System Message Bus.
cloud-init[1024]: |     . o +.B  .  |
[   16.531952] cloud-init[1024]: |    . + *.====   |
[   16.534397] cloud-init[1024]: |     = *S*=*++o  |
[   16.535347] cloud-init[1024]: |      + +o* +.o  |
[   16.536827] cloud-init[1024]: |       . . o o.. |
[   16.537573] cloud-init[1024]: |          o .o  .|
[   16.539574] cloud-init[1024]: |           .. .. |
[   16.541434] cloud-init[1024]: +----[SHA256]-----+
         Starting Permit User Sessions...
[[0;32m  OK  [0m] Started System Logging Service.
[[0;32m  OK  [0m] Started Availability of block devices.
[[0;32m  OK  [0m] Started LSB: automatic crash report generation.
[[0;32m  OK  [0m] Started Permit User Sessions.
[[0;32m  OK  [0m] Started Login Service.
[[0;32m  OK  [0m] Started Unattended Upgrades Shutdown.
         Starting Terminate Plymouth Boot Screen...
         Starting Hold until boot process finishes up...
         Starting Authorization Manager...
[[0;32m  OK  [0m] Started Hold until boot process finishes up.
[[0;32m  OK  [0m] Started Serial Getty on ttyS0.
         Starting Set console scheme...
[[0;32m  OK  [0m] Started Terminate Plymouth Boot Screen.
[[0;32m  OK  [0m] Started LSB: Record successful boot for GRUB.
[[0;32m  OK  [0m] Started Set console scheme.
[[0;32m  OK  [0m] Created slice system-getty.slice.
[[0;32m  OK  [0m] Started Getty on tty1.
[[0;32m  OK  [0m] Reached target Login Prompts.
[[0;32m  OK  [0m] Started Authorization Manager.
[[0;32m  OK  [0m] Started Accounts Service.
[[0;32m  OK  [0m] Started Virtualbox guest utils.
[[0;32m  OK  [0m] Started LXD - container startup/shutdown.
[[0;32m  OK  [0m] Started Dispatcher daemon for systemd-networkd.
[[0;32m  OK  [0m] Started Snap Daemon.
         Starting Wait until snapd is fully seeded...
         Starting Time & Date Service...
[[0;32m  OK  [0m] Started Time & Date Service.
[[0;32m  OK  [0m] Started Pollinate to seed the pseudo random number generator.
         Starting OpenBSD Secure Shell server...
[[0;32m  OK  [0m] Started OpenBSD Secure Shell server.
[[0;32m  OK  [0m] Created slice User Slice of vagrant.
         Starting User Manager for UID 1000...
[[0;32m  OK  [0m] Started Session 1 of user vagrant.
[[0;32m  OK  [0m] Started User Manager for UID 1000.

Ubuntu 18.04.6 LTS ubuntu-bionic ttyS0

ubuntu-bionic login: [   23.516940] cloud-init[1857]: Cloud-init v. 22.4.2-0ubuntu0~18.04.1 running 'modules:config' at Mon, 16 Jan 2023 17:50:38 +0000. Up 23.22 seconds.
ci-info: no authorized SSH keys fingerprints found for user ubuntu.
<14>Jan 16 17:50:38 cloud-init: #############################################################
<14>Jan 16 17:50:38 cloud-init: -----BEGIN SSH HOST KEY FINGERPRINTS-----
<14>Jan 16 17:50:38 cloud-init: 1024 SHA256:SctIkR09mvG0V0dRkh7+126iQnj9CZ3W8JrA4t0h1qs root@ubuntu-bionic (DSA)
<14>Jan 16 17:50:38 cloud-init: 256 SHA256:QfU8L9lUknRyLgcqqK4iYoK0sXuU6Y/3oQV7JpnrEoo root@ubuntu-bionic (ECDSA)
<14>Jan 16 17:50:38 cloud-init: 256 SHA256:l9bgXY7t2gcqHBmpFhpOXr2FjiCVA92X/0DmyyPAVlw root@ubuntu-bionic (ED25519)
<14>Jan 16 17:50:38 cloud-init: 2048 SHA256:zW29foQz17xoB39++L24LubCitwcaPI9tLacjfqDPfA root@ubuntu-bionic (RSA)
<14>Jan 16 17:50:38 cloud-init: -----END SSH HOST KEY FINGERPRINTS-----
<14>Jan 16 17:50:38 cloud-init: #############################################################
-----BEGIN SSH HOST KEY KEYS-----
ecdsa-sha2-nistp256 AAAAE2VjZHNhLXNoYTItbmlzdHAyNTYAAAAIbmlzdHAyNTYAAABBBIr5ymH+fzNQpb6518TpomCTm52KuCRHN6N740zlG1qEX3Uh7sl8sPLG7BgKfNZkp9jTHNAyCwk7QeiOzNoYOuU= root@ubuntu-bionic
ssh-ed25519 AAAAC3NzaC1lZDI1NTE5AAAAIJW/K0zFju2Hx9+pS4rsxx0qkn8dZLUcJk/fXMpr3B/K root@ubuntu-bionic
ssh-rsa AAAAB3NzaC1yc2EAAAADAQABAAABAQCjYBIxJPIRH5YcWiIZg28EkHUmtkfd4dqmoeMLZ4DYh38LG1/rFhROzyFIYhFnq4TozhgJdSFxFyH1VqIg0nEcII4uIG1JF8Xb9mQR2Lmj0F2sf1OYCy3jXbyo7WBnaP9H0oNafxH4wow8iSrsTf2lHmoMW564Xyb7sF8p6S/W7cq8+zZjTjUTLQbZEoxW5DtQSQ5tPlemmVacEp6jF61QQoC6V9Cp1C0NVw9H9sJmpgGcas7FJrqm2aUclLT+PHcO5+Dxtww+C6UsogztRjCm0ADMa6WTzU99llshFc5InTuFuItOWB7qgi+5GXdfT1Do92SAKn0k7/Pfu7aJJrz9 root@ubuntu-bionic
-----END SSH HOST KEY KEYS-----
[   24.043182] cloud-init[1930]: Cloud-init v. 22.4.2-0ubuntu0~18.04.1 running 'modules:final' at Mon, 16 Jan 2023 17:50:38 +0000. Up 23.90 seconds.
[   24.044456] cloud-init[1930]: Cloud-init v. 22.4.2-0ubuntu0~18.04.1 finished at Mon, 16 Jan 2023 17:50:38 +0000. Datasource DataSourceNoCloud [seed=/dev/sdb][dsmode=net].  Up 24.03 seconds
