[    0.000000] Linux version 4.15.0-202-generic (buildd@lcy02-amd64-115) (gcc version 7.5.0 (Ubuntu 7.5.0-3ubuntu1~18.04)) #213-Ubuntu SMP Thu Jan 5 19:19:12 UTC 2023 (Ubuntu 4.15.0-202.213-generic 4.15.18)
[    0.000000] Command line: BOOT_IMAGE=/boot/vmlinuz-4.15.0-202-generic root=LABEL=cloudimg-rootfs ro console=tty1 console=ttyS0
[    0.000000] KERNEL supported cpus:
[    0.000000]   Intel GenuineIntel
[    0.000000]   AMD AuthenticAMD
[    0.000000]   Centaur CentaurHauls
[    0.000000] x86/fpu: Supporting XSAVE feature 0x001: 'x87 floating point registers'
[    0.000000] x86/fpu: Supporting XSAVE feature 0x002: 'SSE registers'
[    0.000000] x86/fpu: Supporting XSAVE feature 0x004: 'AVX registers'
[    0.000000] x86/fpu: xstate_offset[2]:  576, xstate_sizes[2]:  256
[    0.000000] x86/fpu: Enabled xstate features 0x7, context size is 832 bytes, using 'standard' format.
[    0.000000] e820: BIOS-provided physical RAM map:
[    0.000000] BIOS-e820: [mem 0x0000000000000000-0x000000000009fbff] usable
[    0.000000] BIOS-e820: [mem 0x000000000009fc00-0x000000000009ffff] reserved
[    0.000000] BIOS-e820: [mem 0x00000000000f0000-0x00000000000fffff] reserved
[    0.000000] BIOS-e820: [mem 0x0000000000100000-0x000000003ffeffff] usable
[    0.000000] BIOS-e820: [mem 0x000000003fff0000-0x000000003fffffff] ACPI data
[    0.000000] BIOS-e820: [mem 0x00000000fec00000-0x00000000fec00fff] reserved
[    0.000000] BIOS-e820: [mem 0x00000000fee00000-0x00000000fee00fff] reserved
[    0.000000] BIOS-e820: [mem 0x00000000fffc0000-0x00000000ffffffff] reserved
[    0.000000] NX (Execute Disable) protection: active
[    0.000000] SMBIOS 2.5 present.
[    0.000000] DMI: innotek GmbH VirtualBox/VirtualBox, BIOS VirtualBox 12/01/2006
[    0.000000] Hypervisor detected: KVM
[    0.000000] e820: last_pfn = 0x3fff0 max_arch_pfn = 0x400000000
[    0.000000] MTRR: Disabled
[    0.000000] x86/PAT: MTRRs disabled, skipping PAT initialization too.
[    0.000000] CPU MTRRs all blank - virtualized system.
[    0.000000] x86/PAT: Configuration [0-7]: WB  WT  UC- UC  WB  WT  UC- UC  
[    0.000000] found SMP MP-table at [mem 0x0009fff0-0x0009ffff]
[    0.000000] Scanning 1 areas for low memory corruption
[    0.000000] RAMDISK: [mem 0x359cb000-0x36cdcfff]
[    0.000000] ACPI: Early table checksum verification disabled
[    0.000000] ACPI: RSDP 0x00000000000E0000 000024 (v02 VBOX  )
[    0.000000] ACPI: XSDT 0x000000003FFF0030 00003C (v01 VBOX   VBOXXSDT 00000001 ASL  00000061)
[    0.000000] ACPI: FACP 0x000000003FFF00F0 0000F4 (v04 VBOX   VBOXFACP 00000001 ASL  00000061)
[    0.000000] ACPI: DSDT 0x000000003FFF0470 002325 (v02 VBOX   VBOXBIOS 00000002 INTL 20200925)
[    0.000000] ACPI: FACS 0x000000003FFF0200 000040
[    0.000000] ACPI: FACS 0x000000003FFF0200 000040
[    0.000000] ACPI: APIC 0x000000003FFF0240 00005C (v02 VBOX   VBOXAPIC 00000001 ASL  00000061)
[    0.000000] ACPI: SSDT 0x000000003FFF02A0 0001CC (v01 VBOX   VBOXCPUT 00000002 INTL 20200925)
[    0.000000] ACPI: Reserving FACP table memory at [mem 0x3fff00f0-0x3fff01e3]
[    0.000000] ACPI: Reserving DSDT table memory at [mem 0x3fff0470-0x3fff2794]
[    0.000000] ACPI: Reserving FACS table memory at [mem 0x3fff0200-0x3fff023f]
[    0.000000] ACPI: Reserving FACS table memory at [mem 0x3fff0200-0x3fff023f]
[    0.000000] ACPI: Reserving APIC table memory at [mem 0x3fff0240-0x3fff029b]
[    0.000000] ACPI: Reserving SSDT table memory at [mem 0x3fff02a0-0x3fff046b]
[    0.000000] No NUMA configuration found
[    0.000000] Faking a node at [mem 0x0000000000000000-0x000000003ffeffff]
[    0.000000] NODE_DATA(0) allocated [mem 0x3ffc5000-0x3ffeffff]
[    0.000000] kvm-clock: cpu 0, msr 0:3ff44001, primary cpu clock
[    0.000000] kvm-clock: Using msrs 4b564d01 and 4b564d00
[    0.000000] kvm-clock: using sched offset of 3690808173 cycles
[    0.000000] clocksource: kvm-clock: mask: 0xffffffffffffffff max_cycles: 0x1cd42e4dffb, max_idle_ns: 881590591483 ns
[    0.000000] Zone ranges:
[    0.000000]   DMA      [mem 0x0000000000001000-0x0000000000ffffff]
[    0.000000]   DMA32    [mem 0x0000000001000000-0x000000003ffeffff]
[    0.000000]   Normal   empty
[    0.000000]   Device   empty
[    0.000000] Movable zone start for each node
[    0.000000] Early memory node ranges
[    0.000000]   node   0: [mem 0x0000000000001000-0x000000000009efff]
[    0.000000]   node   0: [mem 0x0000000000100000-0x000000003ffeffff]
[    0.000000] Reserved but unavailable: 104 pages
[    0.000000] Initmem setup node 0 [mem 0x0000000000001000-0x000000003ffeffff]
[    0.000000] ACPI: PM-Timer IO Port: 0x4008
[    0.000000] IOAPIC[0]: apic_id 2, version 32, address 0xfec00000, GSI 0-23
[    0.000000] ACPI: INT_SRC_OVR (bus 0 bus_irq 0 global_irq 2 dfl dfl)
[    0.000000] ACPI: INT_SRC_OVR (bus 0 bus_irq 9 global_irq 9 low level)
[    0.000000] Using ACPI (MADT) for SMP configuration information
[    0.000000] smpboot: Allowing 2 CPUs, 0 hotplug CPUs
[    0.000000] PM: Registered nosave memory: [mem 0x00000000-0x00000fff]
[    0.000000] PM: Registered nosave memory: [mem 0x0009f000-0x0009ffff]
[    0.000000] PM: Registered nosave memory: [mem 0x000a0000-0x000effff]
[    0.000000] PM: Registered nosave memory: [mem 0x000f0000-0x000fffff]
[    0.000000] e820: [mem 0x40000000-0xfebfffff] available for PCI devices
[    0.000000] Booting paravirtualized kernel on KVM
[    0.000000] clocksource: refined-jiffies: mask: 0xffffffff max_cycles: 0xffffffff, max_idle_ns: 7645519600211568 ns
[    0.000000] setup_percpu: NR_CPUS:8192 nr_cpumask_bits:2 nr_cpu_ids:2 nr_node_ids:1
[    0.000000] percpu: Embedded 50 pages/cpu s167936 r8192 d28672 u1048576
[    0.000000] PV qspinlock hash table entries: 256 (order: 0, 4096 bytes)
[    0.000000] Built 1 zonelists, mobility grouping on.  Total pages: 257913
[    0.000000] Policy zone: DMA32
[    0.000000] Kernel command line: BOOT_IMAGE=/boot/vmlinuz-4.15.0-202-generic root=LABEL=cloudimg-rootfs ro console=tty1 console=ttyS0
[    0.000000] Memory: 982652K/1048120K available (12300K kernel code, 2477K rwdata, 4320K rodata, 2472K init, 2720K bss, 65468K reserved, 0K cma-reserved)
[    0.000000] SLUB: HWalign=64, Order=0-3, MinObjects=0, CPUs=2, Nodes=1
[    0.000000] Kernel/User page tables isolation: enabled
[    0.000000] ftrace: allocating 39478 entries in 155 pages
[    0.004000] Hierarchical RCU implementation.
[    0.004000] 	RCU restricting CPUs from NR_CPUS=8192 to nr_cpu_ids=2.
[    0.004000] 	Tasks RCU enabled.
[    0.004000] RCU: Adjusting geometry for rcu_fanout_leaf=16, nr_cpu_ids=2
[    0.004000] NR_IRQS: 524544, nr_irqs: 440, preallocated irqs: 16
[    0.004000] random: crng init done
[    0.004000] Console: colour VGA+ 80x25
[    0.004000] console [tty1] enabled
[    0.004000] console [ttyS0] enabled
[    0.004000] ACPI: Core revision 20170831
[    0.004000] ACPI: 2 ACPI AML tables successfully acquired and loaded
[    0.004000] APIC: Switch to symmetric I/O mode setup
[    0.004000] x2apic enabled
[    0.004000] Switched APIC routing to physical x2apic.
[    0.006066] ..TIMER: vector=0x30 apic1=0 pin1=2 apic2=-1 pin2=-1
[    0.008005] tsc: Detected 2711.998 MHz processor
[    0.009446] Calibrating delay loop (skipped) preset value.. 5423.99 BogoMIPS (lpj=10847992)
[    0.012004] pid_max: default: 32768 minimum: 301
[    0.013408] Security Framework initialized
[    0.014597] Yama: becoming mindful.
[    0.016030] AppArmor: AppArmor initialized
[    0.020943] Dentry cache hash table entries: 131072 (order: 8, 1048576 bytes)
[    0.022923] Inode-cache hash table entries: 65536 (order: 7, 524288 bytes)
[    0.024019] Mount-cache hash table entries: 2048 (order: 2, 16384 bytes)
[    0.025782] Mountpoint-cache hash table entries: 2048 (order: 2, 16384 bytes)
[    0.028370] Last level iTLB entries: 4KB 64, 2MB 8, 4MB 8
[    0.029878] Last level dTLB entries: 4KB 64, 2MB 0, 4MB 0, 1GB 4
[    0.032011] Spectre V1 : Mitigation: usercopy/swapgs barriers and __user pointer sanitization
[    0.034751] Spectre V2 : Mitigation: Retpolines
[    0.036005] Spectre V2 : Spectre v2 / SpectreRSB mitigation: Filling RSB on context switch
[    0.038508] Speculative Store Bypass: Vulnerable
[    0.040152] MDS: Mitigation: Clear CPU buffers
[    0.041601] MMIO Stale Data: Mitigation: Clear CPU buffers
[    0.044006] SRBDS: Unknown: Dependent on hypervisor status
[    0.045987] Freeing SMP alternatives memory: 36K
[    0.158303] smpboot: CPU0: Intel(R) Core(TM) i5-7200U CPU @ 2.50GHz (family: 0x6, model: 0x8e, stepping: 0x9)
[    0.160000] Performance Events: unsupported p6 CPU model 142 no PMU driver, software events only.
[    0.160060] Hierarchical SRCU implementation.
[    0.164621] NMI watchdog: Perf event create on CPU 0 failed with -2
[    0.166558] NMI watchdog: Perf NMI watchdog permanently disabled
[    0.168059] smp: Bringing up secondary CPUs ...
[    0.169647] x86: Booting SMP configuration:
[    0.171055] .... node  #0, CPUs:      #1
[    0.004000] kvm-clock: cpu 1, msr 0:3ff44041, secondary cpu clock
[    0.176000] smp: Brought up 1 node, 2 CPUs
[    0.176006] smpboot: Max logical packages: 1
[    0.180009] smpboot: Total of 2 processors activated (10847.99 BogoMIPS)
[    0.182207] devtmpfs: initialized
[    0.182207] x86/mm: Memory block size: 128MB
[    0.184204] evm: security.selinux
[    0.185499] evm: security.SMACK64
[    0.186635] evm: security.SMACK64EXEC
[    0.188007] evm: security.SMACK64TRANSMUTE
[    0.189482] evm: security.SMACK64MMAP
[    0.190601] evm: security.apparmor
[    0.192004] evm: security.ima
[    0.192931] evm: security.capability
[    0.194078] clocksource: jiffies: mask: 0xffffffff max_cycles: 0xffffffff, max_idle_ns: 7645041785100000 ns
[    0.196019] futex hash table entries: 512 (order: 3, 32768 bytes)
[    0.197706] pinctrl core: initialized pinctrl subsystem
[    0.201021] RTC time:  2:49:49, date: 01/19/23
[    0.202511] NET: Registered protocol family 16
[    0.204151] audit: initializing netlink subsys (disabled)
[    0.205851] audit: type=2000 audit(1674096594.053:1): state=initialized audit_enabled=0 res=1
[    0.208013] cpuidle: using governor ladder
[    0.209218] cpuidle: using governor menu
[    0.210433] ACPI: bus type PCI registered
[    0.212006] acpiphp: ACPI Hot Plug PCI Controller Driver version: 0.5
[    0.213859] PCI: Using configuration type 1 for base access
[    0.217486] HugeTLB registered 2.00 MiB page size, pre-allocated 0 pages
[    0.220085] ACPI: Added _OSI(Module Device)
[    0.221302] ACPI: Added _OSI(Processor Device)
[    0.222575] ACPI: Added _OSI(3.0 _SCP Extensions)
[    0.224005] ACPI: Added _OSI(Processor Aggregator Device)
[    0.225507] ACPI: Added _OSI(Linux-Dell-Video)
[    0.226819] ACPI: Added _OSI(Linux-Lenovo-NV-HDMI-Audio)
[    0.228012] ACPI: Added _OSI(Linux-HPI-Hybrid-Graphics)
[    0.230401] ACPI: Executed 1 blocks of module-level executable AML code
[    0.238495] ACPI: Interpreter enabled
[    0.240035] ACPI: (supports S0 S5)
[    0.241032] ACPI: Using IOAPIC for interrupt routing
[    0.242817] PCI: Using host bridge windows from ACPI; if necessary, use "pci=nocrs" and report a bug
[    0.244251] ACPI: Enabled 2 GPEs in block 00 to 07
[    0.256960] ACPI: PCI Root Bridge [PCI0] (domain 0000 [bus 00-ff])
[    0.258655] acpi PNP0A03:00: _OSC: OS supports [ASPM ClockPM Segments MSI]
[    0.260795] acpi PNP0A03:00: _OSC: not requesting OS control; OS requires [ExtendedConfig ASPM ClockPM MSI]
[    0.264026] acpi PNP0A03:00: fail to add MMCONFIG information, can't access extended PCI configuration space under this bridge.
[    0.268548] PCI host bridge to bus 0000:00
[    0.269677] pci_bus 0000:00: root bus resource [io  0x0000-0x0cf7 window]
[    0.271513] pci_bus 0000:00: root bus resource [io  0x0d00-0xffff window]
[    0.272010] pci_bus 0000:00: root bus resource [mem 0x000a0000-0x000bffff window]
[    0.276006] pci_bus 0000:00: root bus resource [mem 0x40000000-0xfdffffff window]
[    0.280010] pci_bus 0000:00: root bus resource [bus 00-ff]
[    0.284969] pci 0000:00:01.1: legacy IDE quirk: reg 0x10: [io  0x01f0-0x01f7]
[    0.287207] pci 0000:00:01.1: legacy IDE quirk: reg 0x14: [io  0x03f6]
[    0.288006] pci 0000:00:01.1: legacy IDE quirk: reg 0x18: [io  0x0170-0x0177]
[    0.292003] pci 0000:00:01.1: legacy IDE quirk: reg 0x1c: [io  0x0376]
[    0.313877] pci 0000:00:07.0: quirk: [io  0x4000-0x403f] claimed by PIIX4 ACPI
[    0.316020] pci 0000:00:07.0: quirk: [io  0x4100-0x410f] claimed by PIIX4 SMB
[    0.329072] ACPI: PCI Interrupt Link [LNKA] (IRQs 5 9 10 *11)
[    0.331520] ACPI: PCI Interrupt Link [LNKB] (IRQs 5 9 *10 11)
[    0.332169] ACPI: PCI Interrupt Link [LNKC] (IRQs 5 *9 10 11)
[    0.334182] ACPI: PCI Interrupt Link [LNKD] (IRQs 5 9 10 *11)
[    0.336516] SCSI subsystem initialized
[    0.337785] pci 0000:00:02.0: vgaarb: setting as boot VGA device
[    0.337785] pci 0000:00:02.0: vgaarb: VGA device added: decodes=io+mem,owns=io+mem,locks=none
[    0.340017] pci 0000:00:02.0: vgaarb: bridge control possible
[    0.344003] vgaarb: loaded
[    0.344961] ACPI: bus type USB registered
[    0.346293] usbcore: registered new interface driver usbfs
[    0.348026] usbcore: registered new interface driver hub
[    0.349533] usbcore: registered new device driver usb
[    0.352085] EDAC MC: Ver: 3.0.0
[    0.353265] PCI: Using ACPI for IRQ routing
[    0.353689] NetLabel: Initializing
[    0.356006] NetLabel:  domain hash size = 128
[    0.357392] NetLabel:  protocols = UNLABELED CIPSOv4 CALIPSO
[    0.358975] NetLabel:  unlabeled traffic allowed by default
[    0.360110] clocksource: Switched to clocksource kvm-clock
[    0.376675] VFS: Disk quotas dquot_6.6.0
[    0.377949] VFS: Dquot-cache hash table entries: 512 (order 0, 4096 bytes)
[    0.380106] AppArmor: AppArmor Filesystem Enabled
[    0.381688] pnp: PnP ACPI init
[    0.385766] pnp: PnP ACPI: found 3 devices
[    0.396880] clocksource: acpi_pm: mask: 0xffffff max_cycles: 0xffffff, max_idle_ns: 2085701024 ns
[    0.399343] NET: Registered protocol family 2
[    0.400666] IP idents hash table entries: 16384 (order: 5, 131072 bytes)
[    0.403639] TCP established hash table entries: 8192 (order: 4, 65536 bytes)
[    0.405784] TCP bind hash table entries: 8192 (order: 5, 131072 bytes)
[    0.407506] TCP: Hash tables configured (established 8192 bind 8192)
[    0.409312] UDP hash table entries: 512 (order: 2, 16384 bytes)
[    0.410902] UDP-Lite hash table entries: 512 (order: 2, 16384 bytes)
[    0.412867] NET: Registered protocol family 1
[    0.415744] pci 0000:00:00.0: Limiting direct PCI/PCI transfers
[    0.418154] pci 0000:00:01.0: Activating ISA DMA hang workarounds
[    0.420103] pci 0000:00:02.0: Video device with shadowed ROM at [mem 0x000c0000-0x000dffff]
[    0.422830] Unpacking initramfs...
[    0.796887] Freeing initrd memory: 19528K
[    0.798442] clocksource: tsc: mask: 0xffffffffffffffff max_cycles: 0x27178451938, max_idle_ns: 440795251172 ns
[    0.801667] platform rtc_cmos: registered platform RTC device (no PNP device found)
[    0.804158] Scanning for low memory corruption every 60 seconds
[    0.806839] Initialise system trusted keyrings
[    0.808282] Key type blacklist registered
[    0.809779] workingset: timestamp_bits=36 max_order=18 bucket_order=0
[    0.813320] zbud: loaded
[    0.815027] squashfs: version 4.0 (2009/01/31) Phillip Lougher
[    0.817142] fuse init (API version 7.26)
[    0.820712] Key type asymmetric registered
[    0.822072] Asymmetric key parser 'x509' registered
[    0.823652] Block layer SCSI generic (bsg) driver version 0.4 loaded (major 246)
[    0.826159] io scheduler noop registered
[    0.827435] io scheduler deadline registered
[    0.828918] io scheduler cfq registered (default)
[    0.832331] ACPI: AC Adapter [AC] (on-line)
[    0.834093] input: Power Button as /devices/LNXSYSTM:00/LNXPWRBN:00/input/input0
[    0.836611] ACPI: Power Button [PWRF]
[    0.838109] input: Sleep Button as /devices/LNXSYSTM:00/LNXSLPBN:00/input/input1
[    0.840152] ACPI: Sleep Button [SLPF]
[    0.841653] Serial: 8250/16550 driver, 32 ports, IRQ sharing enabled
[    0.864354] 00:02: ttyS0 at I/O 0x3f8 (irq = 4, base_baud = 115200) is a 16550A
[    0.868190] Linux agpgart interface v0.103
[    0.871770] loop: module loaded
[    0.873599] scsi host0: ata_piix
[    0.874763] scsi host1: ata_piix
[    0.875827] ata1: PATA max UDMA/33 cmd 0x1f0 ctl 0x3f6 bmdma 0xd000 irq 14
[    0.877722] ata2: PATA max UDMA/33 cmd 0x170 ctl 0x376 bmdma 0xd008 irq 15
[    0.881724] tun: Universal TUN/TAP device driver, 1.6
[    0.883240] PPP generic driver version 2.4.2
[    0.884703] ehci_hcd: USB 2.0 'Enhanced' Host Controller (EHCI) Driver
[    0.886530] ehci-pci: EHCI PCI platform driver
[    0.887887] ehci-platform: EHCI generic platform driver
[    0.889452] ohci_hcd: USB 1.1 'Open' Host Controller (OHCI) Driver
[    0.891087] ohci-pci: OHCI PCI platform driver
[    0.892371] ohci-platform: OHCI generic platform driver
[    0.893922] uhci_hcd: USB Universal Host Controller Interface driver
[    0.896327] i8042: PNP: PS/2 Controller [PNP0303:PS2K,PNP0f03:PS2M] at 0x60,0x64 irq 1,12
[    0.899324] serio: i8042 KBD port at 0x60,0x64 irq 1
[    0.900774] serio: i8042 AUX port at 0x60,0x64 irq 12
[    0.902387] mousedev: PS/2 mouse device common for all mice
[    0.904447] input: AT Translated Set 2 keyboard as /devices/platform/i8042/serio0/input/input2
[    0.907390] rtc_cmos rtc_cmos: rtc core: registered rtc_cmos as rtc0
[    0.909280] rtc_cmos rtc_cmos: alarms up to one day, 114 bytes nvram
[    0.911057] i2c /dev entries driver
[    0.912227] device-mapper: uevent: version 1.0.3
[    0.913712] device-mapper: ioctl: 4.37.0-ioctl (2017-09-20) initialised: dm-devel@redhat.com
[    0.916169] ledtrig-cpu: registered to indicate activity on CPUs
[    0.918379] NET: Registered protocol family 10
[    0.924324] Segment Routing with IPv6
[    0.925506] NET: Registered protocol family 17
[    0.926864] Key type dns_resolver registered
[    0.928413] mce: Using 0 MCE banks
[    0.929706] RAS: Correctable Errors collector initialized.
[    0.931203] sched_clock: Marking stable (928292174, 0)->(1195226373, -266934199)
[    0.933869] registered taskstats version 1
[    0.935195] Loading compiled-in X.509 certificates
[    0.939748] Loaded X.509 cert 'Build time autogenerated kernel key: f114f3958ed3c37ba1924ca66ae8368f3c35b0e4'
[    0.943538] Loaded X.509 cert 'Canonical Ltd. Live Patch Signing: 14df34d1a87cf37625abec039ef2bf521249b969'
[    0.947390] Loaded X.509 cert 'Canonical Ltd. Kernel Module Signing: 88f752e560a1e0737e31163a466ad7b70a850c19'
[    0.950296] blacklist: Loading compiled-in revocation X.509 certificates
[    0.952361] Loaded X.509 cert 'Canonical Ltd. Secure Boot Signing: 61482aa2830d0ab2ad5af10b7250da9033ddcef0'
[    0.955553] zswap: loaded using pool lzo/zbud
[    0.961324] Key type big_key registered
[    0.963125] Key type trusted registered
[    0.966840] Key type encrypted registered
[    0.968169] AppArmor: AppArmor sha1 policy hashing enabled
[    0.969977] ima: No TPM chip found, activating TPM-bypass! (rc=-19)
[    0.971987] ima: Allocated hash algorithm: sha1
[    0.973670] evm: HMAC attrs: 0x1
[    0.976752]   Magic number: 7:393:814
[    0.978375] rtc_cmos rtc_cmos: setting system clock to 2023-01-19 02:49:49 UTC (1674096589)
[    0.981316] BIOS EDD facility v0.16 2004-Jun-25, 0 devices found
[    0.983191] EDD information not available.
[    1.073269] Freeing unused kernel image memory: 2472K
[    1.084125] Write protecting the kernel read-only data: 20480k
[    1.088272] Freeing unused kernel image memory: 2008K
[    1.091516] Freeing unused kernel image memory: 1824K
[    1.112784] x86/mm: Checked W+X mappings: passed, no W+X pages found.
[    1.116016] x86/mm: Checking user space page tables
[    1.132420] x86/mm: Checked W+X mappings: passed, no W+X pages found.
Loading, please wait...
starting version 237
[    1.246267] e1000: Intel(R) PRO/1000 Network Driver - version 7.3.21-k8-NAPI
[    1.248332] e1000: Copyright (c) 1999-2006 Intel Corporation.
[    1.253287] Fusion MPT base driver 3.04.20
[    1.254718] Copyright (c) 1999-2008 LSI Corporation
[    1.287635] AVX2 version of gcm_enc/dec engaged.
[    1.289307] AES CTR mode by8 optimization enabled
[    1.296012] Fusion MPT SPI Host driver 3.04.20
[    1.476134] input: ImExPS/2 Generic Explorer Mouse as /devices/platform/i8042/serio1/input/input4
[    1.849772] e1000 0000:00:03.0 eth0: (PCI:33MHz:32-bit) 02:b0:55:75:d1:60
[    1.857788] e1000 0000:00:03.0 eth0: Intel(R) PRO/1000 Network Connection
[    1.861957] mptbase: ioc0: Initiating bringup
[    3.053674] ioc0: LSI53C1030 A0: Capabilities={Initiator}
[    8.165219] scsi host2: ioc0: LSI53C1030 A0, FwRev=00000000h, Ports=1, MaxQ=256, IRQ=20
[   10.619172] scsi 2:0:0:0: Direct-Access     VBOX     HARDDISK         1.0  PQ: 0 ANSI: 5
[   10.656495] scsi target2:0:0: Beginning Domain Validation
[   10.667963] scsi target2:0:0: Domain Validation skipping write tests
[   10.677253] scsi target2:0:0: Ending Domain Validation
[   10.682931] scsi target2:0:0: asynchronous
[   10.686903] scsi 2:0:1:0: Direct-Access     VBOX     HARDDISK         1.0  PQ: 0 ANSI: 5
[   10.968042] scsi target2:0:1: Beginning Domain Validation
[   10.975059] scsi target2:0:1: Domain Validation skipping write tests
[   10.978819] scsi target2:0:1: Ending Domain Validation
[   10.980991] scsi target2:0:1: asynchronous
[   10.989188] sd 2:0:0:0: Attached scsi generic sg0 type 0
[   10.992013] sd 2:0:1:0: Attached scsi generic sg1 type 0
[   10.996348] sd 2:0:1:0: [sdb] 20480 512-byte logical blocks: (10.5 MB/10.0 MiB)
[   10.998915] sd 2:0:1:0: [sdb] Write Protect is off
[   11.002594] sd 2:0:1:0: [sdb] Incomplete mode parameter data
[   11.004536] sd 2:0:1:0: [sdb] Assuming drive cache: write through
[   11.008898] sd 2:0:0:0: [sda] 83886080 512-byte logical blocks: (42.9 GB/40.0 GiB)
[   11.011437] sd 2:0:0:0: [sda] Write Protect is off
[   11.013106] sd 2:0:0:0: [sda] Incomplete mode parameter data
[   11.015040] sd 2:0:0:0: [sda] Assuming drive cache: write through
[   11.019877]  sda: sda1
[   11.021846] sd 2:0:1:0: [sdb] Attached SCSI disk
[   11.021948] sd 2:0:0:0: [sda] Attached SCSI disk
[   11.066908] e1000 0000:00:08.0 eth1: (PCI:33MHz:32-bit) 08:00:27:66:3e:5e
[   11.069113] e1000 0000:00:08.0 eth1: Intel(R) PRO/1000 Network Connection
[   11.072557] e1000 0000:00:08.0 enp0s8: renamed from eth1
[   11.088621] e1000 0000:00:03.0 enp0s3: renamed from eth0
Begin: Loading essential drivers ... [   12.908816] raid6: sse2x1   gen()  9048 MB/s
[   12.964811] raid6: sse2x1   xor()  7259 MB/s
[   13.019754] raid6: sse2x2   gen() 12042 MB/s
[   13.076196] raid6: sse2x2   xor()  8128 MB/s
[   13.131627] raid6: sse2x4   gen() 13900 MB/s
[   13.180092] raid6: sse2x4   xor()  6596 MB/s
[   13.232949] raid6: avx2x1   gen() 13519 MB/s
[   13.281630] raid6: avx2x1   xor() 10916 MB/s
[   13.331816] raid6: avx2x2   gen() 21113 MB/s
[   13.383860] raid6: avx2x2   xor() 13526 MB/s
[   13.444897] raid6: avx2x4   gen() 29415 MB/s
[   13.499834] raid6: avx2x4   xor() 16743 MB/s
[   13.501314] raid6: using algorithm avx2x4 gen() 29415 MB/s
[   13.502798] raid6: .... xor() 16743 MB/s, rmw enabled
[   13.504358] raid6: using avx2x2 recovery algorithm
[   13.507566] xor: automatically using best checksumming function   avx       
[   13.511345] async_tx: api initialized (async)
done.
Begin: Running /scripts/init-premount ... done.
Begin: Mounting root file system ... Begin: Running /scripts/local-top ... done.
Begin: Running /scripts/local-premount ... [   13.580699] Btrfs loaded, crc32c=crc32c-intel
Scanning for Btrfs filesystems
done.
Warning: fsck not present, so skipping root file system
[   13.623880] EXT4-fs (sda1): mounted filesystem with ordered data mode. Opts: (null)
done.
Begin: Running /scripts/local-bottom ... done.
Begin: Running /scripts/init-bottom ... done.
[   14.034253] ip_tables: (C) 2000-2006 Netfilter Core Team
[   14.047812] systemd[1]: systemd 237 running in system mode. (+PAM +AUDIT +SELINUX +IMA +APPARMOR +SMACK +SYSVINIT +UTMP +LIBCRYPTSETUP +GCRYPT +GNUTLS +ACL +XZ +LZ4 +SECCOMP +BLKID +ELFUTILS +KMOD -IDN2 +IDN -PCRE2 default-hierarchy=hybrid)
[   14.053796] systemd[1]: Detected virtualization oracle.
[   14.055242] systemd[1]: Detected architecture x86-64.

Welcome to [1mUbuntu 18.04.6 LTS[0m!

[   14.063842] systemd[1]: Set hostname to <ubuntu>.
[   14.067685] systemd[1]: Initializing machine ID from random generator.
[   14.069520] systemd[1]: Installed transient /etc/machine-id file.
[   14.411346] systemd[1]: Set up automount Arbitrary Executable File Formats File System Automount Point.
[[0;32m  OK  [0m] Set up automount Arbitrary Executabâ€¦rmats File System Automount Point.
[   14.809987] systemd[1]: Reached target System Time Synchronized.
[[0;32m  OK  [0m] Reached target System Time Synchronized.
[   14.871531] systemd[1]: Reached target Swap.
[[0;32m  OK  [0m] Reached target Swap.
[   14.884312] systemd[1]: Created slice System Slice.
[[0;32m  OK  [0m] Created slice System Slice.
[[0;32m  OK  [0m] Listening on Journal Audit Socket.
[[0;32m  OK  [0m] Listening on LVM2 metadata daemon socket.
[[0;32m  OK  [0m] Listening on Device-mapper event daemon FIFOs.
[[0;32m  OK  [0m] Listening on LVM2 poll daemon socket.
[[0;32m  OK  [0m] Listening on Journal Socket.
         Starting Set the console keyboard layout...
         Mounting Kernel Debug File System...
[[0;32m  OK  [0m] Listening on Journal Socket (/dev/log).
         Mounting Huge Pages File System...
[[0;32m  OK  [0m] Created slice system-serial\x2dgetty.slice.
         Starting Create list of required stâ€¦ce nodes for the current kernel...
[[0;32m  OK  [0m] Listening on udev Kernel Socket.
         Starting Monitoring of LVM2 mirrorsâ€¦ng dmeventd or progress polling...
         Starting Uncomplicated firewall...
[[0;32m  OK  [0m] Listening on fsck to fsckd communication Socket.
[[0;32m  OK  [0m] Listening on /dev/initctl Compatibility Named Pipe.
[[0;32m  OK  [0m] Listening on udev Control Socket.
         Starting udev Coldplug all Devices...
[[0;32m  OK  [0m] Listening on Network Service Netlink Socket.
[[0;32m  OK  [0m] Reached target User and Group Name Lookups.
         Mounting POSIX Message Queue File System...
         Starting Load Kernel Modules...
[[0;32m  OK  [0m] Created slice User and Session Slice.
[[0;32m  OK  [0m] Reached target Slices.
         Starting File System Check on Root Device...
[[0;32m  OK  [0m] Started Forward Password Requests to Wall Directory Watch.
[[0;32m  OK  [0m] Listening on Syslog Socket.
         Starting Journal Service...
[[0;32m  OK  [0m] Mounted Kernel Debug File System.
[   15.116484] Loading iSCSI transport class v2.0-870.
[[0;32m  OK  [0m] Mounted Huge Pages File System.
[[0;32m  OK  [0m] Started Create list of required staâ€¦vice nodes for the current kernel.
[[0;32m  OK  [0m] Started Uncomplicated firewall.
[[0;32m  OK  [0m] Mounted POSIX Message Queue File System.
[[0;32m  OK  [0m] Started File System Check Daemon to report status.
[[0;32m  OK  [0m] Started LVM2 metadata daemon.
         Starting Create Static Device Nodes in /dev...
[[0;32m  OK  [0m] Started Journal Service.
[[0;32m  OK  [0m] Started udev Coldplug all Devices.
[   15.191060] iscsi: registered transport (tcp)
[   15.220193] iscsi: registered transport (iser)
[[0;32m  OK  [0m] Started Load Kernel Modules.
         Mounting FUSE Control File System...
         Mounting Kernel Configuration File System...
         Starting Apply Kernel Variables...
[[0;32m  OK  [0m] Mounted FUSE Control File System.
[[0;32m  OK  [0m] Mounted Kernel Configuration File System.
[[0;32m  OK  [0m] Started Create Static Device Nodes in /dev.
[[0;32m  OK  [0m] Started File System Check on Root Device.
         Starting Remount Root and Kernel File Systems...
[[0;32m  OK  [0m] Started Monitoring of LVM2 mirrors,â€¦sing dmeventd or progress polling.
[[0;32m  OK  [0m] Started Apply Kernel Variables.
[[0;32m  OK  [0m] Started Remount Root and Kernel File Systems.
         Starting Load/Save Random Seed...
         Starting Flush Journal to Persistent Storage...
         Starting udev Kernel Device Manager...
[[0;32m  OK  [0m] Started Load/Save Random Seed.
[[0;32m  OK  [0m] Started udev Kernel Device Manager.
[[0;32m  OK  [0m] Started Flush Journal to Persistent Storage.
[[0;32m  OK  [0m] Found device /dev/ttyS0.
[[0;32m  OK  [0m] Listening on Load/Save RF Kill Switch Status /dev/rfkill Watch.
         Mounting Arbitrary Executable File Formats File System...
[[0;32m  OK  [0m] Mounted Arbitrary Executable File Formats File System.
[[0;32m  OK  [0m] Started Set the console keyboard layout.
[[0;32m  OK  [0m] Reached target Local File Systems (Pre).
[[0;32m  OK  [0m] Reached target Local File Systems.
         Starting Tell Plymouth To Write Out Runtime Data...
         Starting AppArmor initialization...
         Starting ebtables ruleset management...
         Starting Set console font and keymap...
         Starting Commit a transient machine-id on disk...
         Starting Create Volatile Files and Directories...
[[0;32m  OK  [0m] Started Dispatch Password Requests to Console Directory Watch.
[[0;32m  OK  [0m] Reached target Local Encrypted Volumes.
[[0;32m  OK  [0m] Started Tell Plymouth To Write Out Runtime Data.
[[0;32m  OK  [0m] Started Create Volatile Files and Directories.
         Starting Update UTMP about System Boot/Shutdown...
[[0;32m  OK  [0m] Started Update UTMP about System Boot/Shutdown.
[[0;32m  OK  [0m] Started Commit a transient machine-id on disk.
[[0;32m  OK  [0m] Started ebtables ruleset management.
[[0;32m  OK  [0m] Started Set console font and keymap.
[[0;32m  OK  [0m] Started AppArmor initialization.
         Starting Load AppArmor profiles managed internally by snapd...
         Starting Initial cloud-init job (pre-networking)...
[[0;32m  OK  [0m] Started Load AppArmor profiles managed internally by snapd.
[   21.624025] cloud-init[878]: Cloud-init v. 22.4.2-0ubuntu0~18.04.1 running 'init-local' at Thu, 19 Jan 2023 02:50:09 +0000. Up 21.03 seconds.
[[0;32m  OK  [0m] Started Initial cloud-init job (pre-networking).
[[0;32m  OK  [0m] Reached target Network (Pre).
         Starting Network Service...
[[0;32m  OK  [0m] Started Network Service.
         Starting Network Name Resolution...
         Starting Wait for Network to be Configured...
[[0;32m  OK  [0m] Started Network Name Resolution.
[[0;32m  OK  [0m] Reached target Network.
[[0;32m  OK  [0m] Reached target Host and Network Name Lookups.
[[0;32m  OK  [0m] Started Wait for Network to be Configured.
         Starting Initial cloud-init job (metadata service crawler)...
[   24.667118] cloud-init[992]: Cloud-init v. 22.4.2-0ubuntu0~18.04.1 running 'init' at Thu, 19 Jan 2023 02:50:12 +0000. Up 24.33 seconds.
[   24.669325] cloud-init[992]: ci-info: ++++++++++++++++++++++++++++++++++++++Net device info+++++++++++++++++++++++++++++++++++++++
[   24.671476] cloud-init[992]: ci-info: +--------+-------+----------------------------+---------------+--------+-------------------+
[   24.673652] cloud-init[992]: ci-info: | Device |   Up  |          Address           |      Mask     | Scope  |     Hw-Address    |
[   24.676241] cloud-init[992]: ci-info: +--------+-------+----------------------------+---------------+--------+-------------------+
[   24.678562] cloud-init[992]: ci-info: | enp0s3 |  True |         10.0.2.15          | 255.255.255.0 | global | 02:b0:55:75:d1:60 |
[   24.680821] cloud-init[992]: ci-info: | enp0s3 |  True | fe80::b0:55ff:fe75:d160/64 |       .       |  link  | 02:b0:55:75:d1:60 |
[   24.695425] cloud-init[992]: ci-info: | enp0s8 | False |             .              |       .       |   .    | 08:00:27:66:3e:5e |
[   24.697599] cloud-init[992]: ci-info: |   lo   |  True |         127.0.0.1          |   255.0.0.0   |  host  |         .         |
[   24.699780] cloud-init[992]: ci-info: |   lo   |  True |          ::1/128           |       .       |  host  |         .         |
[   24.703135] cloud-init[992]: ci-info: +--------+-------+----------------------------+---------------+--------+-------------------+
[   24.705336] cloud-init[992]: ci-info: ++++++++++++++++++++++++++++Route IPv4 info+++++++++++++++++++++++++++++
[   24.707023] cloud-init[992]: ci-info: +-------+-------------+----------+-----------------+-----------+-------+
[   24.708949] cloud-init[992]: ci-info: | Route | Destination | Gateway  |     Genmask     | Interface | Flags |
[   24.720770] cloud-init[992]: ci-info: +-------+-------------+----------+-----------------+-----------+-------+
[   24.722783] cloud-init[992]: ci-info: |   0   |   0.0.0.0   | 10.0.2.2 |     0.0.0.0     |   enp0s3  |   UG  |
[   24.725141] cloud-init[992]: ci-info: |   1   |   10.0.2.0  | 0.0.0.0  |  255.255.255.0  |   enp0s3  |   U   |
[   24.728089] cloud-init[992]: ci-info: |   2   |   10.0.2.2  | 0.0.0.0  | 255.255.255.255 |   enp0s3  |   UH  |
[   24.730037] cloud-init[992]: ci-info: +-------+-------------+----------+-----------------+-----------+-------+
[   24.733934] cloud-init[992]: ci-info: +++++++++++++++++++Route IPv6 info+++++++++++++++++++
[   24.735682] cloud-init[992]: ci-info: +-------+-------------+---------+-----------+-------+
[   24.748271] cloud-init[992]: ci-info: | Route | Destination | Gateway | Interface | Flags |
[   24.749746] cloud-init[992]: ci-info: +-------+-------------+---------+-----------+-------+
[   24.752656] cloud-init[992]: ci-info: |   1   |  fe80::/64  |    ::   |   enp0s3  |   U   |
[   24.753733] cloud-init[992]: ci-info: |   3   |    local    |    ::   |   enp0s3  |   U   |
[   24.755375] cloud-init[992]: ci-info: |   4   |   ff00::/8  |    ::   |   enp0s3  |   U   |
[   24.757166] cloud-init[992]: ci-info: +-------+-------------+---------+-----------+-------+
[   25.607146] cloud-init[992]: Generating public/private rsa key pair.
[   25.608146] cloud-init[992]: Your identification has been saved in /etc/ssh/ssh_host_rsa_key.
[   25.609984] cloud-init[992]: Your public key has been saved in /etc/ssh/ssh_host_rsa_key.pub.
[   25.611836] cloud-init[992]: The key fingerprint is:
[   25.613071] cloud-init[992]: SHA256:9b1tBhiAZhdCOynb0cyFEWGa5DxZtD1WDUfLLT+xDLQ root@ubuntu-bionic
[   25.614976] cloud-init[992]: The key's randomart image is:
[   25.616343] cloud-init[992]: +---[RSA 2048]----+
[   25.617557] cloud-init[992]: |       .+oX*..o+o|
[   25.618759] cloud-init[992]: |       ++&o=..o.+|
[   25.619986] cloud-init[992]: |      .o%.* =E.+.|
[   25.621261] cloud-init[992]: |       + = o =ooo|
[   25.622466] cloud-init[992]: |      . S   o o+.|
[   25.623651] cloud-init[992]: |               +.|
[   25.624889] cloud-init[992]: |              . +|
[   25.626048] cloud-init[992]: |               o |
[   25.636344] cloud-init[992]: |                 |
[   25.648291] cloud-init[992]: +----[SHA256]-----+
[   25.660679] cloud-init[992]: Generating public/private dsa key pair.
[   25.672527] cloud-init[992]: Your identification has been saved in /etc/ssh/ssh_host_dsa_key.
[   25.684278] cloud-init[992]: Your public key has been saved in /etc/ssh/ssh_host_dsa_key.pub.
[   25.692154] cloud-init[992]: The key fingerprint is:
[[0;32m  OK  [0m] Started Initial cloud-init job (metadata service crawler).
[[0;32m  OK  [0m] Reached target System Initialization.
[[0;32m  OK  [0m] [   25.700866] cloud-init[992]: SHA256:U9VPYGtsv40EcfQeWz4nrVGpj3lVfEfawCHZlOdfJ6A root@ubuntu-bionic
[   25.703364] cloud-init[992]: The key's randomart image is:
[   25.703660] cloud-init[992]: +---[DSA 1024]----+
[   25.704365] cloud-init[992]: |            +BO+.|
[   25.704876] cloud-init[992]: |           .o*=O+|
[   25.705276] cloud-init[992]: |          ....*BX|
[   25.705834] cloud-init[992]: |         .E  +o*%|
[   25.706027] cloud-init[992]: |        S    .++@|
[   25.706608] cloud-init[992]: |         .   .+=B|
[   25.707133] cloud-init[992]: |             oo+.|
[   25.707321] cloud-init[992]: |              .  |
[   25.707513] cloud-init[992]: |                 |
[   25.707891] cloud-init[992]: +----[SHA256]-----+
[   25.708096] cloud-init[992]: Generating public/private ecdsa key pair.
[   25.708309] cloud-init[992]: Your identification has been saved in /etc/ssh/ssh_host_ecdsa_key.
Started Message of the Day.
[   25.708752] cloud-init[992]: Your public key has been saved in /etc/ssh/ssh_host_ecdsa_key.pub.
[   25.716622] cloud-init[992]: The key fingerprint is:
[   25.720841] cloud-init[992]: SHA256:NeNCWEifZXlNgoHL2P2pjXc0jnz8OIPhWOD7tHGr+0Y root@ubuntu-bionic
[   25.724652] cloud-init[992]: The key's randomart image is:
         [   25.725887] Starting LXD - unix socket.
cloud-init[992]: +---[ECDSA 256]---+
[[0;32m  OK  [0m] Listening on Open-iSCSI iscsid Socket.
[[0;32m  OK  [0m] Listening on cloud-init hotplug hook socket.
[[0;32m  OK  [0m] Started Ubuntu Advantage Timer for running repeated jobs.
[[0;32m  OK  [0m] Listening on D-Bus System Message Bus Socket.
[[0;32m  OK  [0m] Started Discard unused blocks once a week.
[[0;32m  OK  [0m] Started Daily Cleanup of Temporary Directories.
         Starting Socket activation for snappy daemon.
[[0;32m  OK  [0m] Listening on ACPID Listen Socket.
[   25.734194] cloud-init[992]: |     .....++.o.  |
[[0;32m  OK  [0m] Started ACPI Events Check.
[[0;32m  OK  [0m] Reached target Paths.
[[0;32m  OK  [0m] Started Daily apt download activities.
[[0;32m  OK  [0m] Started Daily apt upgrade and clean activities.
[[0;32m  OK  [0m] Reached target Timers.
[   25.784964] cloud-init[992]: |      .+.+o ...  |
[[0;32m  OK  [0m] Listening on UUID daemon activation socket.
[   25.790760] [[0;32m  OK  [0m] Reached target Network is Online.
cloud-init[992]: |      .++o+.     |
[   25.792636] cloud-init[992]: |      ..+ooo     |
         Starting Availability of block devices...
[   25.804899] [[0;32m  OK  [0m] Reached target Remote File Systems (Pre).
[[0;32m  OK  [0m] Reached target Remote File Systems.
[[0;32m  OK  [0m] Reached target Cloud-config availability.
[[0;32m  OK  [0m] Listening on LXD - unix socket.
[[0;32m  OK  [0m] Listening on Socket activation for snappy daemon.
cloud-init[992]: |        S..o .   |
[[0;32m  OK  [0m] Started Availability of block devices.
[   25.812721] [[0;32m  OK  [0m] Reached target Sockets.
[[0;32m  OK  [0m] Reached target Basic System.
cloud-init[992]: |         .. = E  |
         Starting Dispatcher daemon for systemd-networkd...
[   25.827612] cloud-init[992]: |           XoO.. |
         Starting Permit User Sessions...
[   25.830838] cloud-init[992]: |          =.B+Oo |
[[0;32m  OK  [0m] Started Regular background program processing daemon.
[   25.838582] cloud-init[992]: |           o=B++.|
         Starting LSB: automatic crash report generation...
[   25.871684] cloud-init[992]: +----[SHA256]-----+
         Starting LSB: Record successful boot for GRUB...
[   25.902485] cloud-init[992]: Generating public/private ed25519 key pair.
[   25.906709] cloud-init[992]: Your identification has been saved in /etc/ssh/ssh_host_ed25519_key.
         Starting Login Service...
[[0;32m  OK  [0m] Started D-Bus System Message Bus.
[   25.917221] cloud-init[992]: Your public key has been saved in /etc/ssh/ssh_host_ed25519_key.pub.
[   25.948246] cloud-init[992]: The key fingerprint is:
[   25.964364] cloud-init[992]: SHA256:mMnZknjNvDA5o074jGvxr8i6McMZ9UlRpstNZK9dH/Y root@ubuntu-bionic
[   25.966758] cloud-init[992]: The key's randomart image is:
[   25.968144] cloud-init[992]: +--[ED25519 256]--+
[[0;32m  OK  [0m] Started FUSE filesystem for LXC.
[   25.992609] cloud-init[992]: |     ..=         |
[[0;32m  OK  [0m] Started Deferred execution scheduler.
[   25.996824] cloud-init[992]: |      * .        |
[   25.998116] cloud-init[992]: |   . o . . . o   |
[   25.999256] cloud-init[992]: |  . +o=%o . o o  |
[   26.000368] cloud-init[992]: | .  .=/oS.   . E |
[   26.012332] cloud-init[992]: |. +. o * .       |
[   26.024237] cloud-init[992]: |+o.oo   .        |
[   26.025425] cloud-init[992]: | =.B.            |
[   26.027427] cloud-init[992]: |o+=.=o.          |
[   26.028634] cloud-init[992]: +----[SHA256]-----+
         Starting Pollinate to seed the pseudo random number generator...
         Starting Virtualbox guest utils...
         Starting Accounts Service...
[[0;32m  OK  [0m] Started irqbalance daemon.
         Starting Snap Daemon...
[[0;32m  OK  [0m] Reached target Login Prompts (Pre).
         Starting System Logging Service...
         Starting LXD - container startup/shutdown...
[[0;32m  OK  [0m] Started Dispatcher daemon for systemd-networkd.
[[0;32m  OK  [0m] Started Permit User Sessions.
[[0;32m  OK  [0m] Started Login Service.
[[0;32m  OK  [0m] Started System Logging Service.
         Starting Authorization Manager...
[[0;32m  OK  [0m] Started Unattended Upgrades Shutdown.
         Starting Hold until boot process finishes up...
         Starting Terminate Plymouth Boot Screen...
[[0;32m  OK  [0m] Started LSB: automatic crash report generation.
[[0;32m  OK  [0m] Started Hold until boot process finishes up.
         Starting Set console scheme...
[[0;32m  OK  [0m] Started Serial Getty on ttyS0.
[[0;32m  OK  [0m] Started Terminate Plymouth Boot Screen.
[[0;32m  OK  [0m] Started Set console scheme.
[[0;32m  OK  [0m] Created slice system-getty.slice.
[[0;32m  OK  [0m] Started Getty on tty1.
[[0;32m  OK  [0m] Reached target Login Prompts.
[[0;32m  OK  [0m] Started LSB: Record successful boot for GRUB.
[[0;32m  OK  [0m] Started Authorization Manager.
[[0;32m  OK  [0m] Started Accounts Service.
[[0;32m  OK  [0m] Started Virtualbox guest utils.
[[0;32m  OK  [0m] Started LXD - container startup/shutdown.
[[0;32m  OK  [0m] Started Snap Daemon.
         Starting Wait until snapd is fully seeded...
         Starting Time & Date Service...
[[0;32m  OK  [0m] Started Time & Date Service.
[[0;32m  OK  [0m] Started Pollinate to seed the pseudo random number generator.
         Starting OpenBSD Secure Shell server...
[[0;32m  OK  [0m] Started OpenBSD Secure Shell server.
[[0;32m  OK  [0m] Created slice User Slice of vagrant.
         Starting User Manager for UID 1000...
[[0;32m  OK  [0m] Started Session 1 of user vagrant.
[[0;32m  OK  [0m] Started User Manager for UID 1000.

Ubuntu 18.04.6 LTS ubuntu-bionic ttyS0

ubuntu-bionic login: [   34.454255] cloud-init[1630]: Cloud-init v. 22.4.2-0ubuntu0~18.04.1 running 'modules:config' at Thu, 19 Jan 2023 02:50:21 +0000. Up 33.10 seconds.
ci-info: no authorized SSH keys fingerprints found for user ubuntu.
<14>Jan 19 02:50:24 cloud-init: #############################################################
<14>Jan 19 02:50:24 cloud-init: -----BEGIN SSH HOST KEY FINGERPRINTS-----
<14>Jan 19 02:50:24 cloud-init: 1024 SHA256:U9VPYGtsv40EcfQeWz4nrVGpj3lVfEfawCHZlOdfJ6A root@ubuntu-bionic (DSA)
<14>Jan 19 02:50:24 cloud-init: 256 SHA256:NeNCWEifZXlNgoHL2P2pjXc0jnz8OIPhWOD7tHGr+0Y root@ubuntu-bionic (ECDSA)
<14>Jan 19 02:50:24 cloud-init: 256 SHA256:mMnZknjNvDA5o074jGvxr8i6McMZ9UlRpstNZK9dH/Y root@ubuntu-bionic (ED25519)
<14>Jan 19 02:50:24 cloud-init: 2048 SHA256:9b1tBhiAZhdCOynb0cyFEWGa5DxZtD1WDUfLLT+xDLQ root@ubuntu-bionic (RSA)
<14>Jan 19 02:50:24 cloud-init: -----END SSH HOST KEY FINGERPRINTS-----
<14>Jan 19 02:50:24 cloud-init: #############################################################
-----BEGIN SSH HOST KEY KEYS-----
ecdsa-sha2-nistp256 AAAAE2VjZHNhLXNoYTItbmlzdHAyNTYAAAAIbmlzdHAyNTYAAABBBAMrMlqYnITkqqkdVSiKkhxvNXLZyGWAYyZx1AADWyF/c7pq1BeZZEuSIMBLpRYHIVJ5u2Tbv8z5ZGKm1kCfU7U= root@ubuntu-bionic
ssh-ed25519 AAAAC3NzaC1lZDI1NTE5AAAAIHj8VlWPi1d+A7G8BcR3dUyhMGYtfEXTP2IsK3UyYUnC root@ubuntu-bionic
ssh-rsa AAAAB3NzaC1yc2EAAAADAQABAAABAQC0gA+LsIZz7HuJctZIOkZQovR9ey09IuK+yBYuGe2D3ZmYu7xd1yFVhosNZEuo4YBkUJB4oLOfeJa0/6Jgdg+UpgOYdFdeYO84QDL+xX3NXhu4GVvLrrqW9Vq9LE2xnxgElz4cyQ0Q0owdYIvkAF/VLI3NxQpBBAwb3o+jG4hmRXv7f4MR3kMNj151nb6OrEx1xamOCysQY4KIRSsuRJJRSjoqxRdmdH1Qcr7tWi7XJNW/javm1DkodA9YRFClunkNXGXnwAq1nOLTNbsgobUR7Gk9KzfVI6RAE5x0nk2gvXuq+eAgHdGZu2l4nQPZWkYy6h3TqWNhyKYCsEITzpnj root@ubuntu-bionic
-----END SSH HOST KEY KEYS-----
[   35.971278] cloud-init[1762]: Cloud-init v. 22.4.2-0ubuntu0~18.04.1 running 'modules:final' at Thu, 19 Jan 2023 02:50:24 +0000. Up 35.60 seconds.
[   35.971429] cloud-init[1762]: Cloud-init v. 22.4.2-0ubuntu0~18.04.1 finished at Thu, 19 Jan 2023 02:50:24 +0000. Datasource DataSourceNoCloud [seed=/dev/sdb][dsmode=net].  Up 35.95 seconds
